[WARN] dxp_standalone --bundle option is deprecated (always on)
ALLCLOSE False
MAX_DIFF 67.0
MISMATCH 2712 / 8192
OUT_HEAD [2.0, 2.015625, 2.03125, 2.046875, 2.0625, 2.078125, 2.09375, 2.109375, 2.125, 2.140625, 2.15625, 2.171875, 2.1875, 2.203125, 2.21875, 2.234375]
REF_HEAD [2.0, 2.015625, 2.03125, 2.046875, 2.0625, 2.078125, 2.09375, 2.109375, 2.125, 2.140625, 2.15625, 2.171875, 2.1875, 2.203125, 2.21875, 2.234375]
BAD_ROWS [14, 15, 16, 17, 18, 19, 20, 21, 22, 23, 24, 25, 26, 27, 28, 29, 30, 31, 32, 33, 34, 35, 36, 37, 38, 39, 40, 41, 42, 43, 44, 45] COUNT 114
BAD_CELL 14 1 OUT 16.03125 REF 16.015625 DIFF 0.015625
BAD_CELL 15 1 OUT 17.03125 REF 17.015625 DIFF 0.015625
BAD_CELL 16 1 OUT 18.03125 REF 18.015625 DIFF 0.015625
BAD_CELL 17 1 OUT 19.03125 REF 19.015625 DIFF 0.015625
BAD_CELL 18 1 OUT 20.03125 REF 20.015625 DIFF 0.015625
BAD_CELL 19 1 OUT 21.03125 REF 21.015625 DIFF 0.015625
BAD_CELL 20 1 OUT 22.03125 REF 22.015625 DIFF 0.015625
BAD_CELL 21 1 OUT 23.03125 REF 23.015625 DIFF 0.015625
ROW_HEAD 0 [2.0, 2.015625, 2.03125, 2.046875, 2.0625, 2.078125, 2.09375, 2.109375] [2.0, 2.015625, 2.03125, 2.046875, 2.0625, 2.078125, 2.09375, 2.109375]
ROW_HEAD 31 [33.0, 33.0625, 33.0625, 33.0625, 33.0625, 33.125, 33.125, 33.125] [33.0, 33.0, 33.03125, 33.0625, 33.0625, 33.0625, 33.09375, 33.125]
ROW_HEAD 32 [34.0, 34.0, 34.0625, 34.0625, 34.0625, 34.0625, 34.125, 34.125] [34.0, 34.0, 34.03125, 34.0625, 34.0625, 34.0625, 34.09375, 34.125]
ROW_HEAD 33 [35.0, 35.0, 35.0625, 35.0625, 35.0625, 35.0625, 35.125, 35.125] [35.0, 35.0, 35.03125, 35.0625, 35.0625, 35.0625, 35.09375, 35.125]
ROW_HEAD 63 [65.0, 65.0, 65.125, 65.125, 65.125, 65.125, 65.125, 65.125] [65.0, 65.0, 65.0, 65.0625, 65.0625, 65.0625, 65.125, 65.125]
ROW_HEAD 64 [4.0, 0.0, 0.0, 0.0, 0.0, 0.0, 0.0, 0.0] [66.0, 66.0, 66.0, 66.0625, 66.0625, 66.0625, 66.125, 66.125]
ROW_HEAD 65 [67.0, 67.0, 67.0, 67.125, 67.125, 67.125, 67.125, 67.125] [67.0, 67.0, 67.0, 67.0625, 67.0625, 67.0625, 67.125, 67.125]
ROW_HEAD 95 [97.0, 97.0, 97.0, 97.125, 97.125, 97.125, 97.125, 97.125] [97.0, 97.0, 97.0, 97.0625, 97.0625, 97.0625, 97.125, 97.125]
ROW_HEAD 96 [98.0, 98.0, 98.0, 98.125, 98.125, 98.125, 98.125, 98.125] [98.0, 98.0, 98.0, 98.0625, 98.0625, 98.0625, 98.125, 98.125]
ROW_HEAD 97 [99.0, 99.0, 99.0, 99.125, 99.125, 99.125, 99.125, 99.125] [99.0, 99.0, 99.0, 99.0625, 99.0625, 99.0625, 99.125, 99.125]
ROW_HEAD 127 [129.0, 129.0, 129.0, 129.25, 129.25, 129.25, 129.25, 129.25] [129.0, 129.0, 129.0, 129.0, 129.0, 129.0, 129.125, 129.125]
LARGE_DIFF_ROWS [64]
ROW_MAX_DIFF 64 67.0 [4.0, 0.0, 0.0, 0.0, 0.0, 0.0, 0.0, 0.0, 0.0, 0.0, 0.0, 0.0, 0.0, 0.0, 0.0, 0.0] [66.0, 66.0, 66.0, 66.0625, 66.0625, 66.0625, 66.125, 66.125, 66.125, 66.125, 66.125, 66.1875, 66.1875, 66.1875, 66.25, 66.25]
