[WARN] dxp_standalone --bundle option is deprecated (always on)

[LX-neighbor diagnostic] allocate_lds1_lx foldConstructed=true coordDims=2 coreIdToWkSlice=0 users=2 seededFromCache=false
CASE mul_one M 32 K 64 N 256
ALLCLOSE True
MAX_DIFF 0.00390625
MISMATCH 0 / 8192
TOP_DIFF 0 ROW 16 COL 12 OUT 4.015625 REF 4.01171875 DIFF 0.00390625
TOP_DIFF 1 ROW 16 COL 11 OUT 4.015625 REF 4.01171875 DIFF 0.00390625
TOP_DIFF 2 ROW 16 COL 19 OUT 4.0234375 REF 4.01953125 DIFF 0.00390625
TOP_DIFF 3 ROW 16 COL 13 OUT 4.015625 REF 4.01171875 DIFF 0.00390625
TOP_DIFF 4 ROW 16 COL 4 OUT 4.0078125 REF 4.00390625 DIFF 0.00390625
TOP_DIFF 5 ROW 16 COL 20 OUT 4.0234375 REF 4.01953125 DIFF 0.00390625
TOP_DIFF 6 ROW 16 COL 5 OUT 4.0078125 REF 4.00390625 DIFF 0.00390625
TOP_DIFF 7 ROW 16 COL 3 OUT 4.0078125 REF 4.00390625 DIFF 0.00390625
ROWMAP_OUT0 [0.0, 0.25, 0.5, 0.75, 1.0, 1.25, 1.5, 1.75, 2.0, 2.25, 2.5, 2.75, 3.0, 3.25, 3.5, 3.75, 4.0, 4.25, 4.5, 4.75, 5.0, 5.25, 5.5, 5.75, 6.0, 6.25, 6.5, 6.75, 7.0, 7.25, 7.5, 7.75]
ROWMAP_REF0 [0.0, 0.25, 0.5, 0.75, 1.0, 1.25, 1.5, 1.75, 2.0, 2.25, 2.5, 2.75, 3.0, 3.25, 3.5, 3.75, 4.0, 4.25, 4.5, 4.75, 5.0, 5.25, 5.5, 5.75, 6.0, 6.25, 6.5, 6.75, 7.0, 7.25, 7.5, 7.75]
ROW 0 OUT [0.0, 0.0009765625, 0.001953125, 0.0029296875, 0.00390625, 0.0048828125, 0.005859375, 0.0068359375, 0.0078125, 0.0087890625, 0.009765625, 0.0107421875, 0.01171875, 0.0126953125, 0.013671875, 0.0146484375]
ROW 0 REF [0.0, 0.0009765625, 0.001953125, 0.0029296875, 0.00390625, 0.0048828125, 0.005859375, 0.0068359375, 0.0078125, 0.0087890625, 0.009765625, 0.0107421875, 0.01171875, 0.0126953125, 0.013671875, 0.0146484375]
ROW 1 OUT [0.25, 0.2509765625, 0.251953125, 0.2529296875, 0.25390625, 0.2548828125, 0.255859375, 0.2568359375, 0.2578125, 0.2587890625, 0.259765625, 0.2607421875, 0.26171875, 0.2626953125, 0.263671875, 0.2646484375]
ROW 1 REF [0.25, 0.2509765625, 0.251953125, 0.2529296875, 0.25390625, 0.2548828125, 0.255859375, 0.2568359375, 0.2578125, 0.2587890625, 0.259765625, 0.2607421875, 0.26171875, 0.2626953125, 0.263671875, 0.2646484375]
ROW 31 OUT [7.75, 7.75, 7.75, 7.7578125, 7.7578125, 7.7578125, 7.7578125, 7.7578125, 7.7578125, 7.7578125, 7.7578125, 7.765625, 7.765625, 7.765625, 7.765625, 7.765625]
ROW 31 REF [7.75, 7.75, 7.75, 7.75390625, 7.75390625, 7.75390625, 7.7578125, 7.7578125, 7.7578125, 7.7578125, 7.7578125, 7.76171875, 7.76171875, 7.76171875, 7.765625, 7.765625]
ROW 31 OUT [7.75, 7.75, 7.75, 7.7578125, 7.7578125, 7.7578125, 7.7578125, 7.7578125, 7.7578125, 7.7578125, 7.7578125, 7.765625, 7.765625, 7.765625, 7.765625, 7.765625]
ROW 31 REF [7.75, 7.75, 7.75, 7.75390625, 7.75390625, 7.75390625, 7.7578125, 7.7578125, 7.7578125, 7.7578125, 7.7578125, 7.76171875, 7.76171875, 7.76171875, 7.765625, 7.765625]
ROW 31 OUT [7.75, 7.75, 7.75, 7.7578125, 7.7578125, 7.7578125, 7.7578125, 7.7578125, 7.7578125, 7.7578125, 7.7578125, 7.765625, 7.765625, 7.765625, 7.765625, 7.765625]
ROW 31 REF [7.75, 7.75, 7.75, 7.75390625, 7.75390625, 7.75390625, 7.7578125, 7.7578125, 7.7578125, 7.7578125, 7.7578125, 7.76171875, 7.76171875, 7.76171875, 7.765625, 7.765625]
CHUNK_ROW 0 COLS 0 8 OUT [0.0, 0.0009765625, 0.001953125, 0.0029296875, 0.00390625, 0.0048828125, 0.005859375, 0.0068359375]
CHUNK_ROW 0 COLS 0 8 REF [0.0, 0.0009765625, 0.001953125, 0.0029296875, 0.00390625, 0.0048828125, 0.005859375, 0.0068359375]
CHUNK_ROW 0 COLS 64 72 OUT [0.0625, 0.0634765625, 0.064453125, 0.0654296875, 0.06640625, 0.0673828125, 0.068359375, 0.0693359375]
CHUNK_ROW 0 COLS 64 72 REF [0.0625, 0.0634765625, 0.064453125, 0.0654296875, 0.06640625, 0.0673828125, 0.068359375, 0.0693359375]
CHUNK_ROW 0 COLS 128 136 OUT [0.125, 0.1259765625, 0.126953125, 0.1279296875, 0.12890625, 0.1298828125, 0.130859375, 0.1318359375]
CHUNK_ROW 0 COLS 128 136 REF [0.125, 0.1259765625, 0.126953125, 0.1279296875, 0.12890625, 0.1298828125, 0.130859375, 0.1318359375]
CHUNK_ROW 0 COLS 192 200 OUT [0.1875, 0.1884765625, 0.189453125, 0.1904296875, 0.19140625, 0.1923828125, 0.193359375, 0.1943359375]
CHUNK_ROW 0 COLS 192 200 REF [0.1875, 0.1884765625, 0.189453125, 0.1904296875, 0.19140625, 0.1923828125, 0.193359375, 0.1943359375]
CHUNK_ROW 1 COLS 0 8 OUT [0.25, 0.2509765625, 0.251953125, 0.2529296875, 0.25390625, 0.2548828125, 0.255859375, 0.2568359375]
CHUNK_ROW 1 COLS 0 8 REF [0.25, 0.2509765625, 0.251953125, 0.2529296875, 0.25390625, 0.2548828125, 0.255859375, 0.2568359375]
CHUNK_ROW 1 COLS 64 72 OUT [0.3125, 0.3134765625, 0.314453125, 0.3154296875, 0.31640625, 0.3173828125, 0.318359375, 0.3193359375]
CHUNK_ROW 1 COLS 64 72 REF [0.3125, 0.3134765625, 0.314453125, 0.3154296875, 0.31640625, 0.3173828125, 0.318359375, 0.3193359375]
CHUNK_ROW 1 COLS 128 136 OUT [0.375, 0.3759765625, 0.376953125, 0.3779296875, 0.37890625, 0.3798828125, 0.380859375, 0.3818359375]
CHUNK_ROW 1 COLS 128 136 REF [0.375, 0.3759765625, 0.376953125, 0.3779296875, 0.37890625, 0.3798828125, 0.380859375, 0.3818359375]
CHUNK_ROW 1 COLS 192 200 OUT [0.4375, 0.4384765625, 0.439453125, 0.4404296875, 0.44140625, 0.4423828125, 0.443359375, 0.4443359375]
CHUNK_ROW 1 COLS 192 200 REF [0.4375, 0.4384765625, 0.439453125, 0.4404296875, 0.44140625, 0.4423828125, 0.443359375, 0.4443359375]
CHUNK_ROW 31 COLS 0 8 OUT [7.75, 7.75, 7.75, 7.7578125, 7.7578125, 7.7578125, 7.7578125, 7.7578125]
CHUNK_ROW 31 COLS 0 8 REF [7.75, 7.75, 7.75, 7.75390625, 7.75390625, 7.75390625, 7.7578125, 7.7578125]
CHUNK_ROW 31 COLS 64 72 OUT [7.8125, 7.8125, 7.8125, 7.8203125, 7.8203125, 7.8203125, 7.8203125, 7.8203125]
CHUNK_ROW 31 COLS 64 72 REF [7.8125, 7.8125, 7.8125, 7.81640625, 7.81640625, 7.81640625, 7.8203125, 7.8203125]
CHUNK_ROW 31 COLS 128 136 OUT [7.875, 7.875, 7.875, 7.8828125, 7.8828125, 7.8828125, 7.8828125, 7.8828125]
CHUNK_ROW 31 COLS 128 136 REF [7.875, 7.875, 7.875, 7.87890625, 7.87890625, 7.87890625, 7.8828125, 7.8828125]
CHUNK_ROW 31 COLS 192 200 OUT [7.9375, 7.9375, 7.9375, 7.9453125, 7.9453125, 7.9453125, 7.9453125, 7.9453125]
CHUNK_ROW 31 COLS 192 200 REF [7.9375, 7.9375, 7.9375, 7.94140625, 7.94140625, 7.94140625, 7.9453125, 7.9453125]
