[WARN] dxp_standalone --bundle option is deprecated (always on)

[LX-neighbor diagnostic] allocate_lds1_lx foldConstructed=true coordDims=2 coreIdToWkSlice=0 users=2 seededFromCache=false
CASE mul_one M 64 K 64 N 256
ALLCLOSE True
MAX_DIFF 0.0078125
MISMATCH 0 / 16384
TOP_DIFF 0 ROW 32 COL 9 OUT 8.015625 REF 8.0078125 DIFF 0.0078125
TOP_DIFF 1 ROW 32 COL 8 OUT 8.015625 REF 8.0078125 DIFF 0.0078125
TOP_DIFF 2 ROW 32 COL 11 OUT 8.015625 REF 8.0078125 DIFF 0.0078125
TOP_DIFF 3 ROW 32 COL 10 OUT 8.015625 REF 8.0078125 DIFF 0.0078125
TOP_DIFF 4 ROW 32 COL 6 OUT 8.015625 REF 8.0078125 DIFF 0.0078125
TOP_DIFF 5 ROW 32 COL 21 OUT 8.03125 REF 8.0234375 DIFF 0.0078125
TOP_DIFF 6 ROW 32 COL 7 OUT 8.015625 REF 8.0078125 DIFF 0.0078125
TOP_DIFF 7 ROW 32 COL 5 OUT 8.015625 REF 8.0078125 DIFF 0.0078125
ROWMAP_OUT0 [0.0, 0.25, 0.5, 0.75, 1.0, 1.25, 1.5, 1.75, 2.0, 2.25, 2.5, 2.75, 3.0, 3.25, 3.5, 3.75, 4.0, 4.25, 4.5, 4.75, 5.0, 5.25, 5.5, 5.75, 6.0, 6.25, 6.5, 6.75, 7.0, 7.25, 7.5, 7.75, 8.0, 8.25, 8.5, 8.75, 9.0, 9.25, 9.5, 9.75, 10.0, 10.25, 10.5, 10.75, 11.0, 11.25, 11.5, 11.75, 12.0, 12.25, 12.5, 12.75, 13.0, 13.25, 13.5, 13.75, 14.0, 14.25, 14.5, 14.75, 15.0, 15.25, 15.5, 15.75]
ROWMAP_REF0 [0.0, 0.25, 0.5, 0.75, 1.0, 1.25, 1.5, 1.75, 2.0, 2.25, 2.5, 2.75, 3.0, 3.25, 3.5, 3.75, 4.0, 4.25, 4.5, 4.75, 5.0, 5.25, 5.5, 5.75, 6.0, 6.25, 6.5, 6.75, 7.0, 7.25, 7.5, 7.75, 8.0, 8.25, 8.5, 8.75, 9.0, 9.25, 9.5, 9.75, 10.0, 10.25, 10.5, 10.75, 11.0, 11.25, 11.5, 11.75, 12.0, 12.25, 12.5, 12.75, 13.0, 13.25, 13.5, 13.75, 14.0, 14.25, 14.5, 14.75, 15.0, 15.25, 15.5, 15.75]
ROW 0 OUT [0.0, 0.0009765625, 0.001953125, 0.0029296875, 0.00390625, 0.0048828125, 0.005859375, 0.0068359375, 0.0078125, 0.0087890625, 0.009765625, 0.0107421875, 0.01171875, 0.0126953125, 0.013671875, 0.0146484375]
ROW 0 REF [0.0, 0.0009765625, 0.001953125, 0.0029296875, 0.00390625, 0.0048828125, 0.005859375, 0.0068359375, 0.0078125, 0.0087890625, 0.009765625, 0.0107421875, 0.01171875, 0.0126953125, 0.013671875, 0.0146484375]
ROW 1 OUT [0.25, 0.2509765625, 0.251953125, 0.2529296875, 0.25390625, 0.2548828125, 0.255859375, 0.2568359375, 0.2578125, 0.2587890625, 0.259765625, 0.2607421875, 0.26171875, 0.2626953125, 0.263671875, 0.2646484375]
ROW 1 REF [0.25, 0.2509765625, 0.251953125, 0.2529296875, 0.25390625, 0.2548828125, 0.255859375, 0.2568359375, 0.2578125, 0.2587890625, 0.259765625, 0.2607421875, 0.26171875, 0.2626953125, 0.263671875, 0.2646484375]
ROW 63 OUT [15.75, 15.75, 15.75, 15.75, 15.75, 15.765625, 15.765625, 15.765625, 15.765625, 15.765625, 15.765625, 15.765625, 15.765625, 15.765625, 15.765625, 15.765625]
ROW 63 REF [15.75, 15.75, 15.75, 15.75, 15.75, 15.7578125, 15.7578125, 15.7578125, 15.7578125, 15.7578125, 15.7578125, 15.7578125, 15.765625, 15.765625, 15.765625, 15.765625]
ROW 63 OUT [15.75, 15.75, 15.75, 15.75, 15.75, 15.765625, 15.765625, 15.765625, 15.765625, 15.765625, 15.765625, 15.765625, 15.765625, 15.765625, 15.765625, 15.765625]
ROW 63 REF [15.75, 15.75, 15.75, 15.75, 15.75, 15.7578125, 15.7578125, 15.7578125, 15.7578125, 15.7578125, 15.7578125, 15.7578125, 15.765625, 15.765625, 15.765625, 15.765625]
ROW 63 OUT [15.75, 15.75, 15.75, 15.75, 15.75, 15.765625, 15.765625, 15.765625, 15.765625, 15.765625, 15.765625, 15.765625, 15.765625, 15.765625, 15.765625, 15.765625]
ROW 63 REF [15.75, 15.75, 15.75, 15.75, 15.75, 15.7578125, 15.7578125, 15.7578125, 15.7578125, 15.7578125, 15.7578125, 15.7578125, 15.765625, 15.765625, 15.765625, 15.765625]
CHUNK_ROW 0 COLS 0 8 OUT [0.0, 0.0009765625, 0.001953125, 0.0029296875, 0.00390625, 0.0048828125, 0.005859375, 0.0068359375]
CHUNK_ROW 0 COLS 0 8 REF [0.0, 0.0009765625, 0.001953125, 0.0029296875, 0.00390625, 0.0048828125, 0.005859375, 0.0068359375]
CHUNK_ROW 0 COLS 64 72 OUT [0.0625, 0.0634765625, 0.064453125, 0.0654296875, 0.06640625, 0.0673828125, 0.068359375, 0.0693359375]
CHUNK_ROW 0 COLS 64 72 REF [0.0625, 0.0634765625, 0.064453125, 0.0654296875, 0.06640625, 0.0673828125, 0.068359375, 0.0693359375]
CHUNK_ROW 0 COLS 128 136 OUT [0.125, 0.1259765625, 0.126953125, 0.1279296875, 0.12890625, 0.1298828125, 0.130859375, 0.1318359375]
CHUNK_ROW 0 COLS 128 136 REF [0.125, 0.1259765625, 0.126953125, 0.1279296875, 0.12890625, 0.1298828125, 0.130859375, 0.1318359375]
CHUNK_ROW 0 COLS 192 200 OUT [0.1875, 0.1884765625, 0.189453125, 0.1904296875, 0.19140625, 0.1923828125, 0.193359375, 0.1943359375]
CHUNK_ROW 0 COLS 192 200 REF [0.1875, 0.1884765625, 0.189453125, 0.1904296875, 0.19140625, 0.1923828125, 0.193359375, 0.1943359375]
CHUNK_ROW 1 COLS 0 8 OUT [0.25, 0.2509765625, 0.251953125, 0.2529296875, 0.25390625, 0.2548828125, 0.255859375, 0.2568359375]
CHUNK_ROW 1 COLS 0 8 REF [0.25, 0.2509765625, 0.251953125, 0.2529296875, 0.25390625, 0.2548828125, 0.255859375, 0.2568359375]
CHUNK_ROW 1 COLS 64 72 OUT [0.3125, 0.3134765625, 0.314453125, 0.3154296875, 0.31640625, 0.3173828125, 0.318359375, 0.3193359375]
CHUNK_ROW 1 COLS 64 72 REF [0.3125, 0.3134765625, 0.314453125, 0.3154296875, 0.31640625, 0.3173828125, 0.318359375, 0.3193359375]
CHUNK_ROW 1 COLS 128 136 OUT [0.375, 0.3759765625, 0.376953125, 0.3779296875, 0.37890625, 0.3798828125, 0.380859375, 0.3818359375]
CHUNK_ROW 1 COLS 128 136 REF [0.375, 0.3759765625, 0.376953125, 0.3779296875, 0.37890625, 0.3798828125, 0.380859375, 0.3818359375]
CHUNK_ROW 1 COLS 192 200 OUT [0.4375, 0.4384765625, 0.439453125, 0.4404296875, 0.44140625, 0.4423828125, 0.443359375, 0.4443359375]
CHUNK_ROW 1 COLS 192 200 REF [0.4375, 0.4384765625, 0.439453125, 0.4404296875, 0.44140625, 0.4423828125, 0.443359375, 0.4443359375]
CHUNK_ROW 63 COLS 0 8 OUT [15.75, 15.75, 15.75, 15.75, 15.75, 15.765625, 15.765625, 15.765625]
CHUNK_ROW 63 COLS 0 8 REF [15.75, 15.75, 15.75, 15.75, 15.75, 15.7578125, 15.7578125, 15.7578125]
CHUNK_ROW 63 COLS 64 72 OUT [15.8125, 15.8125, 15.8125, 15.8125, 15.8125, 15.828125, 15.828125, 15.828125]
CHUNK_ROW 63 COLS 64 72 REF [15.8125, 15.8125, 15.8125, 15.8125, 15.8125, 15.8203125, 15.8203125, 15.8203125]
CHUNK_ROW 63 COLS 128 136 OUT [15.875, 15.875, 15.875, 15.875, 15.875, 15.890625, 15.890625, 15.890625]
CHUNK_ROW 63 COLS 128 136 REF [15.875, 15.875, 15.875, 15.875, 15.875, 15.8828125, 15.8828125, 15.8828125]
CHUNK_ROW 63 COLS 192 200 OUT [15.9375, 15.9375, 15.9375, 15.9375, 15.9375, 15.953125, 15.953125, 15.953125]
CHUNK_ROW 63 COLS 192 200 REF [15.9375, 15.9375, 15.9375, 15.9375, 15.9375, 15.9453125, 15.9453125, 15.9453125]
