[WARN] dxp_standalone --bundle option is deprecated (always on)

[LX-neighbor diagnostic] allocate_lds1_lx foldConstructed=true coordDims=2 coreIdToWkSlice=0 users=2 seededFromCache=false
CASE mul_one M 16 K 64 N 256
ALLCLOSE True
MAX_DIFF 0.001953125
MISMATCH 0 / 4096
TOP_DIFF 0 ROW 8 COL 18 OUT 2.01953125 REF 2.017578125 DIFF 0.001953125
TOP_DIFF 1 ROW 8 COL 14 OUT 2.015625 REF 2.013671875 DIFF 0.001953125
TOP_DIFF 2 ROW 8 COL 26 OUT 2.02734375 REF 2.025390625 DIFF 0.001953125
TOP_DIFF 3 ROW 8 COL 22 OUT 2.0234375 REF 2.021484375 DIFF 0.001953125
TOP_DIFF 4 ROW 8 COL 6 OUT 2.0078125 REF 2.005859375 DIFF 0.001953125
TOP_DIFF 5 ROW 8 COL 30 OUT 2.03125 REF 2.029296875 DIFF 0.001953125
TOP_DIFF 6 ROW 8 COL 10 OUT 2.01171875 REF 2.009765625 DIFF 0.001953125
TOP_DIFF 7 ROW 8 COL 2 OUT 2.00390625 REF 2.001953125 DIFF 0.001953125
ROWMAP_OUT0 [0.0, 0.25, 0.5, 0.75, 1.0, 1.25, 1.5, 1.75, 2.0, 2.25, 2.5, 2.75, 3.0, 3.25, 3.5, 3.75]
ROWMAP_REF0 [0.0, 0.25, 0.5, 0.75, 1.0, 1.25, 1.5, 1.75, 2.0, 2.25, 2.5, 2.75, 3.0, 3.25, 3.5, 3.75]
ROW 0 OUT [0.0, 0.0009765625, 0.001953125, 0.0029296875, 0.00390625, 0.0048828125, 0.005859375, 0.0068359375, 0.0078125, 0.0087890625, 0.009765625, 0.0107421875, 0.01171875, 0.0126953125, 0.013671875, 0.0146484375]
ROW 0 REF [0.0, 0.0009765625, 0.001953125, 0.0029296875, 0.00390625, 0.0048828125, 0.005859375, 0.0068359375, 0.0078125, 0.0087890625, 0.009765625, 0.0107421875, 0.01171875, 0.0126953125, 0.013671875, 0.0146484375]
ROW 1 OUT [0.25, 0.2509765625, 0.251953125, 0.2529296875, 0.25390625, 0.2548828125, 0.255859375, 0.2568359375, 0.2578125, 0.2587890625, 0.259765625, 0.2607421875, 0.26171875, 0.2626953125, 0.263671875, 0.2646484375]
ROW 1 REF [0.25, 0.2509765625, 0.251953125, 0.2529296875, 0.25390625, 0.2548828125, 0.255859375, 0.2568359375, 0.2578125, 0.2587890625, 0.259765625, 0.2607421875, 0.26171875, 0.2626953125, 0.263671875, 0.2646484375]
ROW 15 OUT [3.75, 3.75, 3.75390625, 3.75390625, 3.75390625, 3.75390625, 3.7578125, 3.7578125, 3.7578125, 3.7578125, 3.76171875, 3.76171875, 3.76171875, 3.76171875, 3.765625, 3.765625]
ROW 15 REF [3.75, 3.75, 3.751953125, 3.75390625, 3.75390625, 3.75390625, 3.755859375, 3.7578125, 3.7578125, 3.7578125, 3.759765625, 3.76171875, 3.76171875, 3.76171875, 3.763671875, 3.765625]
ROW 15 OUT [3.75, 3.75, 3.75390625, 3.75390625, 3.75390625, 3.75390625, 3.7578125, 3.7578125, 3.7578125, 3.7578125, 3.76171875, 3.76171875, 3.76171875, 3.76171875, 3.765625, 3.765625]
ROW 15 REF [3.75, 3.75, 3.751953125, 3.75390625, 3.75390625, 3.75390625, 3.755859375, 3.7578125, 3.7578125, 3.7578125, 3.759765625, 3.76171875, 3.76171875, 3.76171875, 3.763671875, 3.765625]
ROW 15 OUT [3.75, 3.75, 3.75390625, 3.75390625, 3.75390625, 3.75390625, 3.7578125, 3.7578125, 3.7578125, 3.7578125, 3.76171875, 3.76171875, 3.76171875, 3.76171875, 3.765625, 3.765625]
ROW 15 REF [3.75, 3.75, 3.751953125, 3.75390625, 3.75390625, 3.75390625, 3.755859375, 3.7578125, 3.7578125, 3.7578125, 3.759765625, 3.76171875, 3.76171875, 3.76171875, 3.763671875, 3.765625]
CHUNK_ROW 0 COLS 0 8 OUT [0.0, 0.0009765625, 0.001953125, 0.0029296875, 0.00390625, 0.0048828125, 0.005859375, 0.0068359375]
CHUNK_ROW 0 COLS 0 8 REF [0.0, 0.0009765625, 0.001953125, 0.0029296875, 0.00390625, 0.0048828125, 0.005859375, 0.0068359375]
CHUNK_ROW 0 COLS 64 72 OUT [0.0625, 0.0634765625, 0.064453125, 0.0654296875, 0.06640625, 0.0673828125, 0.068359375, 0.0693359375]
CHUNK_ROW 0 COLS 64 72 REF [0.0625, 0.0634765625, 0.064453125, 0.0654296875, 0.06640625, 0.0673828125, 0.068359375, 0.0693359375]
CHUNK_ROW 0 COLS 128 136 OUT [0.125, 0.1259765625, 0.126953125, 0.1279296875, 0.12890625, 0.1298828125, 0.130859375, 0.1318359375]
CHUNK_ROW 0 COLS 128 136 REF [0.125, 0.1259765625, 0.126953125, 0.1279296875, 0.12890625, 0.1298828125, 0.130859375, 0.1318359375]
CHUNK_ROW 0 COLS 192 200 OUT [0.1875, 0.1884765625, 0.189453125, 0.1904296875, 0.19140625, 0.1923828125, 0.193359375, 0.1943359375]
CHUNK_ROW 0 COLS 192 200 REF [0.1875, 0.1884765625, 0.189453125, 0.1904296875, 0.19140625, 0.1923828125, 0.193359375, 0.1943359375]
CHUNK_ROW 1 COLS 0 8 OUT [0.25, 0.2509765625, 0.251953125, 0.2529296875, 0.25390625, 0.2548828125, 0.255859375, 0.2568359375]
CHUNK_ROW 1 COLS 0 8 REF [0.25, 0.2509765625, 0.251953125, 0.2529296875, 0.25390625, 0.2548828125, 0.255859375, 0.2568359375]
CHUNK_ROW 1 COLS 64 72 OUT [0.3125, 0.3134765625, 0.314453125, 0.3154296875, 0.31640625, 0.3173828125, 0.318359375, 0.3193359375]
CHUNK_ROW 1 COLS 64 72 REF [0.3125, 0.3134765625, 0.314453125, 0.3154296875, 0.31640625, 0.3173828125, 0.318359375, 0.3193359375]
CHUNK_ROW 1 COLS 128 136 OUT [0.375, 0.3759765625, 0.376953125, 0.3779296875, 0.37890625, 0.3798828125, 0.380859375, 0.3818359375]
CHUNK_ROW 1 COLS 128 136 REF [0.375, 0.3759765625, 0.376953125, 0.3779296875, 0.37890625, 0.3798828125, 0.380859375, 0.3818359375]
CHUNK_ROW 1 COLS 192 200 OUT [0.4375, 0.4384765625, 0.439453125, 0.4404296875, 0.44140625, 0.4423828125, 0.443359375, 0.4443359375]
CHUNK_ROW 1 COLS 192 200 REF [0.4375, 0.4384765625, 0.439453125, 0.4404296875, 0.44140625, 0.4423828125, 0.443359375, 0.4443359375]
CHUNK_ROW 15 COLS 0 8 OUT [3.75, 3.75, 3.75390625, 3.75390625, 3.75390625, 3.75390625, 3.7578125, 3.7578125]
CHUNK_ROW 15 COLS 0 8 REF [3.75, 3.75, 3.751953125, 3.75390625, 3.75390625, 3.75390625, 3.755859375, 3.7578125]
CHUNK_ROW 15 COLS 64 72 OUT [3.8125, 3.8125, 3.81640625, 3.81640625, 3.81640625, 3.81640625, 3.8203125, 3.8203125]
CHUNK_ROW 15 COLS 64 72 REF [3.8125, 3.8125, 3.814453125, 3.81640625, 3.81640625, 3.81640625, 3.818359375, 3.8203125]
CHUNK_ROW 15 COLS 128 136 OUT [3.875, 3.875, 3.87890625, 3.87890625, 3.87890625, 3.87890625, 3.8828125, 3.8828125]
CHUNK_ROW 15 COLS 128 136 REF [3.875, 3.875, 3.876953125, 3.87890625, 3.87890625, 3.87890625, 3.880859375, 3.8828125]
CHUNK_ROW 15 COLS 192 200 OUT [3.9375, 3.9375, 3.94140625, 3.94140625, 3.94140625, 3.94140625, 3.9453125, 3.9453125]
CHUNK_ROW 15 COLS 192 200 REF [3.9375, 3.9375, 3.939453125, 3.94140625, 3.94140625, 3.94140625, 3.943359375, 3.9453125]
