[WARN] dxp_standalone --bundle option is deprecated (always on)
[matmul_operand_ring_populate] begin sdsc=0_mul classifications=0
[matmul_operand_ring_populate] transfer_nodes=3
[matmul_operand_ring_populate_node] name=transfer_lds0_src:hbm_dst:lx srcUnit=l3lu srcStorage=hbm srcLds=0 dsts=1 dst=l3lu:lx, dstLds=0,
[matmul_operand_ring_populate_node] name=transfer_lds1_src:hbm_dst:lx srcUnit=l3lu srcStorage=hbm srcLds=1 dsts=1 dst=l3lu:lx, dstLds=1,
[matmul_operand_ring_populate_node] name=transfer_lds2_src:lx_dst:no_component_lx_local srcUnit=no_component srcStorage=lx srcLds=2 dsts=1 dst=no_component:no_component, dstLds=-1,
[matmul_operand_ring_populate] begin sdsc=0_mul classifications=0
[matmul_operand_ring_populate] transfer_nodes=3
[matmul_operand_ring_populate_node] name=transfer_lds0_src:hbm_dst:lx srcUnit=l3lu srcStorage=hbm srcLds=0 dsts=1 dst=l3lu:lx, dstLds=0,
[matmul_operand_ring_populate_node] name=transfer_lds1_src:hbm_dst:lx srcUnit=l3lu srcStorage=hbm srcLds=1 dsts=1 dst=l3lu:lx, dstLds=1,
[matmul_operand_ring_populate_node] name=transfer_lds2_src:lx_dst:no_component_lx_local srcUnit=no_component srcStorage=lx srcLds=2 dsts=1 dst=no_component:no_component, dstLds=-1,

[LX-neighbor diagnostic] allocate_lds1_lx foldConstructed=true coordDims=2 coreIdToWkSlice=0 users=2 seededFromCache=false
[transfer_finalize_probe] node=transfer_lds1_src:hbm_dst:lx srcUnit=l3lu srcStorage=hbm dsts=1 srcLds=1 dstLds=1, ring=0
[transfer_view_probe] node=transfer_lds1_src:hbm_dst:lx cl=0 src sizes=out:64,mb:64,out:4, compositeLoops= outerLoops=(loop_ds0_ds1_mb,mb,sizeIdx=1,elemOffset=32)(loop_ds0_ds1_out,out,sizeIdx=2,elemOffset=1)
[transfer_view_probe] node=transfer_lds1_src:hbm_dst:lx cl=0 dst sizes=out:64,mb:32,out:1, compositeLoops= outerLoops=
[transfer_finalize_probe] node=transfer_lds1_src:lxlu_dst:sfp srcUnit=lxlu srcStorage=lx dsts=1 srcLds=1 dstLds=1, ring=0
[transfer_view_probe] node=transfer_lds1_src:lxlu_dst:sfp cl=0 src sizes=out:64,mb:32,out:1, compositeLoops= outerLoops=(loop_ds1_ds2_out_mb,mb,sizeIdx=1,elemOffset=1)(loop_ds1_ds2_out_mb,out,sizeIdx=2,elemOffset=1)
[transfer_view_probe] node=transfer_lds1_src:lxlu_dst:sfp cl=0 dst sizes= compositeLoops= outerLoops=
[matmul_operand_ring_populate] begin sdsc=1_batchmatmul classifications=1
[matmul_operand_ring_populate] transfer_nodes=3
[matmul_operand_ring_populate_node] name=transfer_lds1_src:no_component_dst:lx_lx_local srcUnit=no_component srcStorage=no_component srcLds=-1 dsts=1 dst=no_component:lx, dstLds=1,
[matmul_operand_ring_populate] attaching to prefinalize template=transfer_lds1_src:no_component_dst:lx_lx_local lds=Tensor1
[matmul_operand_stick_transfer] logicalTransfers=16 rowExtent=64 sourceLocalOutSticks=1 targetOutSticks=4
[matmul_operand_stick_transfer] phase=1 chunk=0 row=0 stick=0 srcCore=0 dstCore=1 srcAddr=0 dstAddr=0 bytes=128
[matmul_operand_stick_transfer] phase=1 chunk=0 row=1 stick=0 srcCore=0 dstCore=1 srcAddr=128 dstAddr=128 bytes=128
[matmul_operand_stick_transfer] phase=1 chunk=0 row=2 stick=0 srcCore=0 dstCore=1 srcAddr=256 dstAddr=256 bytes=128
[matmul_operand_stick_transfer] phase=1 chunk=0 row=3 stick=0 srcCore=0 dstCore=1 srcAddr=384 dstAddr=384 bytes=128
[matmul_operand_stick_transfer] phase=1 chunk=0 row=4 stick=0 srcCore=0 dstCore=1 srcAddr=512 dstAddr=512 bytes=128
[matmul_operand_stick_transfer] phase=1 chunk=0 row=5 stick=0 srcCore=0 dstCore=1 srcAddr=640 dstAddr=640 bytes=128
[matmul_operand_stick_transfer] phase=1 chunk=0 row=6 stick=0 srcCore=0 dstCore=1 srcAddr=768 dstAddr=768 bytes=128
[matmul_operand_stick_transfer] phase=1 chunk=0 row=7 stick=0 srcCore=0 dstCore=1 srcAddr=896 dstAddr=896 bytes=128
[matmul_operand_stick_transfer] phase=1 chunk=0 row=8 stick=0 srcCore=0 dstCore=1 srcAddr=1024 dstAddr=1024 bytes=128
[matmul_operand_stick_transfer] phase=1 chunk=0 row=9 stick=0 srcCore=0 dstCore=1 srcAddr=1152 dstAddr=1152 bytes=128
[matmul_operand_stick_transfer] phase=1 chunk=1 row=7 stick=0 srcCore=1 dstCore=2 srcAddr=896 dstAddr=9088 bytes=128
[matmul_operand_stick_transfer] phase=1 chunk=1 row=8 stick=0 srcCore=1 dstCore=2 srcAddr=1024 dstAddr=9216 bytes=128
[matmul_operand_stick_transfer] phase=1 chunk=1 row=9 stick=0 srcCore=1 dstCore=2 srcAddr=1152 dstAddr=9344 bytes=128
[matmul_operand_stick_transfer] phase=1 chunk=2 row=7 stick=0 srcCore=2 dstCore=3 srcAddr=896 dstAddr=17280 bytes=128
[matmul_operand_stick_transfer] phase=1 chunk=2 row=8 stick=0 srcCore=2 dstCore=3 srcAddr=1024 dstAddr=17408 bytes=128
[matmul_operand_stick_transfer] phase=1 chunk=2 row=9 stick=0 srcCore=2 dstCore=3 srcAddr=1152 dstAddr=17536 bytes=128
[matmul_operand_stick_transfer] phase=1 chunk=3 row=7 stick=0 srcCore=3 dstCore=0 srcAddr=896 dstAddr=25472 bytes=128
[matmul_operand_stick_transfer] phase=1 chunk=3 row=8 stick=0 srcCore=3 dstCore=0 srcAddr=1024 dstAddr=25600 bytes=128
[matmul_operand_stick_transfer] phase=1 chunk=3 row=9 stick=0 srcCore=3 dstCore=0 srcAddr=1152 dstAddr=25728 bytes=128
[matmul_operand_stick_transfer] phase=2 chunk=3 row=7 stick=0 srcCore=0 dstCore=1 srcAddr=25472 dstAddr=25472 bytes=128
[matmul_operand_stick_transfer] phase=2 chunk=3 row=8 stick=0 srcCore=0 dstCore=1 srcAddr=25600 dstAddr=25600 bytes=128
[matmul_operand_stick_transfer] phase=2 chunk=3 row=9 stick=0 srcCore=0 dstCore=1 srcAddr=25728 dstAddr=25728 bytes=128
[matmul_operand_stick_transfer] phase=2 chunk=0 row=7 stick=0 srcCore=1 dstCore=2 srcAddr=896 dstAddr=896 bytes=128
[matmul_operand_stick_transfer] phase=2 chunk=0 row=8 stick=0 srcCore=1 dstCore=2 srcAddr=1024 dstAddr=1024 bytes=128
[matmul_operand_stick_transfer] phase=2 chunk=0 row=9 stick=0 srcCore=1 dstCore=2 srcAddr=1152 dstAddr=1152 bytes=128
[matmul_operand_stick_transfer] phase=2 chunk=1 row=7 stick=0 srcCore=2 dstCore=3 srcAddr=9088 dstAddr=9088 bytes=128
[matmul_operand_stick_transfer] phase=2 chunk=1 row=8 stick=0 srcCore=2 dstCore=3 srcAddr=9216 dstAddr=9216 bytes=128
[matmul_operand_stick_transfer] phase=2 chunk=1 row=9 stick=0 srcCore=2 dstCore=3 srcAddr=9344 dstAddr=9344 bytes=128
[matmul_operand_stick_transfer] phase=2 chunk=2 row=7 stick=0 srcCore=3 dstCore=0 srcAddr=17280 dstAddr=17280 bytes=128
[matmul_operand_stick_transfer] phase=2 chunk=2 row=8 stick=0 srcCore=3 dstCore=0 srcAddr=17408 dstAddr=17408 bytes=128
[matmul_operand_stick_transfer] phase=2 chunk=2 row=9 stick=0 srcCore=3 dstCore=0 srcAddr=17536 dstAddr=17536 bytes=128
[matmul_operand_stick_transfer] phase=3 chunk=2 row=7 stick=0 srcCore=0 dstCore=1 srcAddr=17280 dstAddr=17280 bytes=128
[matmul_operand_stick_transfer] phase=3 chunk=2 row=8 stick=0 srcCore=0 dstCore=1 srcAddr=17408 dstAddr=17408 bytes=128
[matmul_operand_stick_transfer] phase=3 chunk=2 row=9 stick=0 srcCore=0 dstCore=1 srcAddr=17536 dstAddr=17536 bytes=128
[matmul_operand_stick_transfer] phase=3 chunk=3 row=7 stick=0 srcCore=1 dstCore=2 srcAddr=25472 dstAddr=25472 bytes=128
[matmul_operand_stick_transfer] phase=3 chunk=3 row=8 stick=0 srcCore=1 dstCore=2 srcAddr=25600 dstAddr=25600 bytes=128
[matmul_operand_stick_transfer] phase=3 chunk=3 row=9 stick=0 srcCore=1 dstCore=2 srcAddr=25728 dstAddr=25728 bytes=128
[matmul_operand_stick_transfer] phase=3 chunk=0 row=7 stick=0 srcCore=2 dstCore=3 srcAddr=896 dstAddr=896 bytes=128
[matmul_operand_stick_transfer] phase=3 chunk=0 row=8 stick=0 srcCore=2 dstCore=3 srcAddr=1024 dstAddr=1024 bytes=128
[matmul_operand_stick_transfer] phase=3 chunk=0 row=9 stick=0 srcCore=2 dstCore=3 srcAddr=1152 dstAddr=1152 bytes=128
[matmul_operand_stick_transfer] phase=3 chunk=1 row=7 stick=0 srcCore=3 dstCore=0 srcAddr=9088 dstAddr=9088 bytes=128
[matmul_operand_stick_transfer] phase=3 chunk=1 row=8 stick=0 srcCore=3 dstCore=0 srcAddr=9216 dstAddr=9216 bytes=128
[matmul_operand_stick_transfer] phase=3 chunk=1 row=9 stick=0 srcCore=3 dstCore=0 srcAddr=9344 dstAddr=9344 bytes=128
[matmul_operand_stick_transfer] phase=4 chunk=1 row=7 stick=0 srcCore=0 dstCore=1 srcAddr=9088 dstAddr=9088 bytes=128
[matmul_operand_stick_transfer] phase=4 chunk=1 row=8 stick=0 srcCore=0 dstCore=1 srcAddr=9216 dstAddr=9216 bytes=128
[matmul_operand_stick_transfer] phase=4 chunk=1 row=9 stick=0 srcCore=0 dstCore=1 srcAddr=9344 dstAddr=9344 bytes=128
[matmul_operand_stick_transfer] phase=4 chunk=2 row=7 stick=0 srcCore=1 dstCore=2 srcAddr=17280 dstAddr=17280 bytes=128
[matmul_operand_stick_transfer] phase=4 chunk=2 row=8 stick=0 srcCore=1 dstCore=2 srcAddr=17408 dstAddr=17408 bytes=128
[matmul_operand_stick_transfer] phase=4 chunk=2 row=9 stick=0 srcCore=1 dstCore=2 srcAddr=17536 dstAddr=17536 bytes=128
[matmul_operand_stick_transfer] phase=4 chunk=3 row=7 stick=0 srcCore=2 dstCore=3 srcAddr=25472 dstAddr=25472 bytes=128
[matmul_operand_stick_transfer] phase=4 chunk=3 row=8 stick=0 srcCore=2 dstCore=3 srcAddr=25600 dstAddr=25600 bytes=128
[matmul_operand_stick_transfer] phase=4 chunk=3 row=9 stick=0 srcCore=2 dstCore=3 srcAddr=25728 dstAddr=25728 bytes=128
[matmul_operand_stick_transfer] phase=4 chunk=0 row=7 stick=0 srcCore=3 dstCore=0 srcAddr=896 dstAddr=896 bytes=128
[matmul_operand_stick_transfer] phase=4 chunk=0 row=8 stick=0 srcCore=3 dstCore=0 srcAddr=1024 dstAddr=1024 bytes=128
[matmul_operand_stick_transfer] phase=4 chunk=0 row=9 stick=0 srcCore=3 dstCore=0 srcAddr=1152 dstAddr=1152 bytes=128
[matmul_operand_ring_populate_node] name=transfer_lds0_src:hbm_dst:lx srcUnit=l3lu srcStorage=hbm srcLds=0 dsts=1 dst=l3lu:lx, dstLds=0,
[matmul_operand_ring_populate_node] name=transfer_lds2_src:lx_dst:hbm srcUnit=l3su srcStorage=lx srcLds=2 dsts=1 dst=l3su:hbm, dstLds=2,
[matmul_operand_ring_populate] begin sdsc=1_batchmatmul classifications=1
[matmul_operand_ring_populate] transfer_nodes=3
[matmul_operand_ring_populate_node] name=transfer_lds1_src:no_component_dst:lx_lx_local srcUnit=no_component srcStorage=no_component srcLds=-1 dsts=1 dst=no_component:lx, dstLds=1,
[matmul_operand_ring_populate] attaching to prefinalize template=transfer_lds1_src:no_component_dst:lx_lx_local lds=Tensor1
[matmul_operand_stick_transfer] logicalTransfers=16 rowExtent=64 sourceLocalOutSticks=1 targetOutSticks=4
[matmul_operand_stick_transfer] phase=1 chunk=0 row=0 stick=0 srcCore=0 dstCore=1 srcAddr=0 dstAddr=0 bytes=128
[matmul_operand_stick_transfer] phase=1 chunk=0 row=1 stick=0 srcCore=0 dstCore=1 srcAddr=128 dstAddr=128 bytes=128
[matmul_operand_stick_transfer] phase=1 chunk=0 row=2 stick=0 srcCore=0 dstCore=1 srcAddr=256 dstAddr=256 bytes=128
[matmul_operand_stick_transfer] phase=1 chunk=0 row=3 stick=0 srcCore=0 dstCore=1 srcAddr=384 dstAddr=384 bytes=128
[matmul_operand_stick_transfer] phase=1 chunk=0 row=4 stick=0 srcCore=0 dstCore=1 srcAddr=512 dstAddr=512 bytes=128
[matmul_operand_stick_transfer] phase=1 chunk=0 row=5 stick=0 srcCore=0 dstCore=1 srcAddr=640 dstAddr=640 bytes=128
[matmul_operand_stick_transfer] phase=1 chunk=0 row=6 stick=0 srcCore=0 dstCore=1 srcAddr=768 dstAddr=768 bytes=128
[matmul_operand_stick_transfer] phase=1 chunk=0 row=7 stick=0 srcCore=0 dstCore=1 srcAddr=896 dstAddr=896 bytes=128
[matmul_operand_stick_transfer] phase=1 chunk=0 row=8 stick=0 srcCore=0 dstCore=1 srcAddr=1024 dstAddr=1024 bytes=128
[matmul_operand_stick_transfer] phase=1 chunk=0 row=9 stick=0 srcCore=0 dstCore=1 srcAddr=1152 dstAddr=1152 bytes=128
[matmul_operand_stick_transfer] phase=1 chunk=1 row=7 stick=0 srcCore=1 dstCore=2 srcAddr=896 dstAddr=9088 bytes=128
[matmul_operand_stick_transfer] phase=1 chunk=1 row=8 stick=0 srcCore=1 dstCore=2 srcAddr=1024 dstAddr=9216 bytes=128
[matmul_operand_stick_transfer] phase=1 chunk=1 row=9 stick=0 srcCore=1 dstCore=2 srcAddr=1152 dstAddr=9344 bytes=128
[matmul_operand_stick_transfer] phase=1 chunk=2 row=7 stick=0 srcCore=2 dstCore=3 srcAddr=896 dstAddr=17280 bytes=128
[matmul_operand_stick_transfer] phase=1 chunk=2 row=8 stick=0 srcCore=2 dstCore=3 srcAddr=1024 dstAddr=17408 bytes=128
[matmul_operand_stick_transfer] phase=1 chunk=2 row=9 stick=0 srcCore=2 dstCore=3 srcAddr=1152 dstAddr=17536 bytes=128
[matmul_operand_stick_transfer] phase=1 chunk=3 row=7 stick=0 srcCore=3 dstCore=0 srcAddr=896 dstAddr=25472 bytes=128
[matmul_operand_stick_transfer] phase=1 chunk=3 row=8 stick=0 srcCore=3 dstCore=0 srcAddr=1024 dstAddr=25600 bytes=128
[matmul_operand_stick_transfer] phase=1 chunk=3 row=9 stick=0 srcCore=3 dstCore=0 srcAddr=1152 dstAddr=25728 bytes=128
[matmul_operand_stick_transfer] phase=2 chunk=3 row=7 stick=0 srcCore=0 dstCore=1 srcAddr=25472 dstAddr=25472 bytes=128
[matmul_operand_stick_transfer] phase=2 chunk=3 row=8 stick=0 srcCore=0 dstCore=1 srcAddr=25600 dstAddr=25600 bytes=128
[matmul_operand_stick_transfer] phase=2 chunk=3 row=9 stick=0 srcCore=0 dstCore=1 srcAddr=25728 dstAddr=25728 bytes=128
[matmul_operand_stick_transfer] phase=2 chunk=0 row=7 stick=0 srcCore=1 dstCore=2 srcAddr=896 dstAddr=896 bytes=128
[matmul_operand_stick_transfer] phase=2 chunk=0 row=8 stick=0 srcCore=1 dstCore=2 srcAddr=1024 dstAddr=1024 bytes=128
[matmul_operand_stick_transfer] phase=2 chunk=0 row=9 stick=0 srcCore=1 dstCore=2 srcAddr=1152 dstAddr=1152 bytes=128
[matmul_operand_stick_transfer] phase=2 chunk=1 row=7 stick=0 srcCore=2 dstCore=3 srcAddr=9088 dstAddr=9088 bytes=128
[matmul_operand_stick_transfer] phase=2 chunk=1 row=8 stick=0 srcCore=2 dstCore=3 srcAddr=9216 dstAddr=9216 bytes=128
[matmul_operand_stick_transfer] phase=2 chunk=1 row=9 stick=0 srcCore=2 dstCore=3 srcAddr=9344 dstAddr=9344 bytes=128
[matmul_operand_stick_transfer] phase=2 chunk=2 row=7 stick=0 srcCore=3 dstCore=0 srcAddr=17280 dstAddr=17280 bytes=128
[matmul_operand_stick_transfer] phase=2 chunk=2 row=8 stick=0 srcCore=3 dstCore=0 srcAddr=17408 dstAddr=17408 bytes=128
[matmul_operand_stick_transfer] phase=2 chunk=2 row=9 stick=0 srcCore=3 dstCore=0 srcAddr=17536 dstAddr=17536 bytes=128
[matmul_operand_stick_transfer] phase=3 chunk=2 row=7 stick=0 srcCore=0 dstCore=1 srcAddr=17280 dstAddr=17280 bytes=128
[matmul_operand_stick_transfer] phase=3 chunk=2 row=8 stick=0 srcCore=0 dstCore=1 srcAddr=17408 dstAddr=17408 bytes=128
[matmul_operand_stick_transfer] phase=3 chunk=2 row=9 stick=0 srcCore=0 dstCore=1 srcAddr=17536 dstAddr=17536 bytes=128
[matmul_operand_stick_transfer] phase=3 chunk=3 row=7 stick=0 srcCore=1 dstCore=2 srcAddr=25472 dstAddr=25472 bytes=128
[matmul_operand_stick_transfer] phase=3 chunk=3 row=8 stick=0 srcCore=1 dstCore=2 srcAddr=25600 dstAddr=25600 bytes=128
[matmul_operand_stick_transfer] phase=3 chunk=3 row=9 stick=0 srcCore=1 dstCore=2 srcAddr=25728 dstAddr=25728 bytes=128
[matmul_operand_stick_transfer] phase=3 chunk=0 row=7 stick=0 srcCore=2 dstCore=3 srcAddr=896 dstAddr=896 bytes=128
[matmul_operand_stick_transfer] phase=3 chunk=0 row=8 stick=0 srcCore=2 dstCore=3 srcAddr=1024 dstAddr=1024 bytes=128
[matmul_operand_stick_transfer] phase=3 chunk=0 row=9 stick=0 srcCore=2 dstCore=3 srcAddr=1152 dstAddr=1152 bytes=128
[matmul_operand_stick_transfer] phase=3 chunk=1 row=7 stick=0 srcCore=3 dstCore=0 srcAddr=9088 dstAddr=9088 bytes=128
[matmul_operand_stick_transfer] phase=3 chunk=1 row=8 stick=0 srcCore=3 dstCore=0 srcAddr=9216 dstAddr=9216 bytes=128
[matmul_operand_stick_transfer] phase=3 chunk=1 row=9 stick=0 srcCore=3 dstCore=0 srcAddr=9344 dstAddr=9344 bytes=128
[matmul_operand_stick_transfer] phase=4 chunk=1 row=7 stick=0 srcCore=0 dstCore=1 srcAddr=9088 dstAddr=9088 bytes=128
[matmul_operand_stick_transfer] phase=4 chunk=1 row=8 stick=0 srcCore=0 dstCore=1 srcAddr=9216 dstAddr=9216 bytes=128
[matmul_operand_stick_transfer] phase=4 chunk=1 row=9 stick=0 srcCore=0 dstCore=1 srcAddr=9344 dstAddr=9344 bytes=128
[matmul_operand_stick_transfer] phase=4 chunk=2 row=7 stick=0 srcCore=1 dstCore=2 srcAddr=17280 dstAddr=17280 bytes=128
[matmul_operand_stick_transfer] phase=4 chunk=2 row=8 stick=0 srcCore=1 dstCore=2 srcAddr=17408 dstAddr=17408 bytes=128
[matmul_operand_stick_transfer] phase=4 chunk=2 row=9 stick=0 srcCore=1 dstCore=2 srcAddr=17536 dstAddr=17536 bytes=128
[matmul_operand_stick_transfer] phase=4 chunk=3 row=7 stick=0 srcCore=2 dstCore=3 srcAddr=25472 dstAddr=25472 bytes=128
[matmul_operand_stick_transfer] phase=4 chunk=3 row=8 stick=0 srcCore=2 dstCore=3 srcAddr=25600 dstAddr=25600 bytes=128
[matmul_operand_stick_transfer] phase=4 chunk=3 row=9 stick=0 srcCore=2 dstCore=3 srcAddr=25728 dstAddr=25728 bytes=128
[matmul_operand_stick_transfer] phase=4 chunk=0 row=7 stick=0 srcCore=3 dstCore=0 srcAddr=896 dstAddr=896 bytes=128
[matmul_operand_stick_transfer] phase=4 chunk=0 row=8 stick=0 srcCore=3 dstCore=0 srcAddr=1024 dstAddr=1024 bytes=128
[matmul_operand_stick_transfer] phase=4 chunk=0 row=9 stick=0 srcCore=3 dstCore=0 srcAddr=1152 dstAddr=1152 bytes=128
[matmul_operand_ring_populate_node] name=transfer_lds0_src:hbm_dst:lx srcUnit=l3lu srcStorage=hbm srcLds=0 dsts=1 dst=l3lu:lx, dstLds=0,
[matmul_operand_ring_populate_node] name=transfer_lds2_src:lx_dst:hbm srcUnit=l3su srcStorage=lx srcLds=2 dsts=1 dst=l3su:hbm, dstLds=2,

[LX-neighbor diagnostic] allocate_lds1_lx foldConstructed=false coordDims=0 coreIdToWkSlice=0 users=9 seededFromCache=false

[LX-neighbor diagnostic] skipping missing related loop binding alloc=allocate_lds1_lx ref=transfer_lds1_src:lxlu_dst:ptrow0 dim=in i=2 foldDimCount=10 numSpatialFoldsOfRefNode=3 origNumElemArrFoldsOfRefNode=4 numElemArrFoldsOfAllocNode=8 relatedLoopIndex=3 relatedLoopsForRefNode=3 relatedLoopsForAlloc=0

[LX-neighbor diagnostic] allocate_lds1_lx foldConstructed=false coordDims=1 coreIdToWkSlice=0 users=9 seededFromCache=false

[LX-neighbor diagnostic] allocate_lds1_lx foldConstructed=false coordDims=1 coreIdToWkSlice=0 users=9 seededFromCache=false

[LX-neighbor diagnostic] allocate_lds1_lx foldConstructed=false coordDims=1 coreIdToWkSlice=0 users=9 seededFromCache=false

[LX-neighbor diagnostic] allocate_lds1_lx foldConstructed=false coordDims=1 coreIdToWkSlice=0 users=9 seededFromCache=false

[LX-neighbor diagnostic] allocate_lds1_lx foldConstructed=false coordDims=1 coreIdToWkSlice=0 users=9 seededFromCache=false

[LX-neighbor diagnostic] allocate_lds1_lx foldConstructed=false coordDims=1 coreIdToWkSlice=0 users=9 seededFromCache=false

[LX-neighbor diagnostic] allocate_lds1_lx foldConstructed=false coordDims=1 coreIdToWkSlice=0 users=9 seededFromCache=false

[LX-neighbor diagnostic] allocate_lds1_lx foldConstructed=false coordDims=1 coreIdToWkSlice=0 users=9 seededFromCache=false

[LX-neighbor diagnostic] allocate_lds1_lx foldConstructed=true coordDims=2 coreIdToWkSlice=0 users=9 seededFromCache=false

[LX-neighbor diagnostic] allocate_lds1_lx foldConstructed=true coordDims=2 coreIdToWkSlice=0 users=9 seededFromCache=false

[LX-neighbor diagnostic] allocate_lds1_lx foldConstructed=true coordDims=2 coreIdToWkSlice=0 users=9 seededFromCache=false

[LX-neighbor diagnostic] allocate_lds1_lx foldConstructed=true coordDims=2 coreIdToWkSlice=0 users=9 seededFromCache=false

[LX-neighbor diagnostic] allocate_lds1_lx foldConstructed=true coordDims=2 coreIdToWkSlice=0 users=9 seededFromCache=false

[LX-neighbor diagnostic] allocate_lds1_lx foldConstructed=true coordDims=2 coreIdToWkSlice=0 users=9 seededFromCache=false

[LX-neighbor diagnostic] allocate_lds1_lx foldConstructed=true coordDims=2 coreIdToWkSlice=0 users=9 seededFromCache=false
[transfer_finalize_probe] node=transfer_lds1_src:no_component_dst:lx_lx_local srcUnit=no_component srcStorage=no_component dsts=1 srcLds=-1 dstLds=1, ring=1024
[transfer_finalize_probe] node=transfer_lds1_src:lxlu_dst:ptrow0 srcUnit=lxlu srcStorage=lx dsts=1 srcLds=1 dstLds=1, ring=0
[transfer_view_probe] node=transfer_lds1_src:lxlu_dst:ptrow0 cl=0 src sizes=out:64,in:64,out:4, compositeLoops= outerLoops=(loop_ds2_ds3_in,in,sizeIdx=1,elemOffset=64)(loop_ds1_ds2_in,in,sizeIdx=1,elemOffset=64)(loop_ds1_ds7_out,out,sizeIdx=2,elemOffset=1)(loop_ds0_ds1_in,in,sizeIdx=1,elemOffset=64)(loop_ds0_ds1_out,out,sizeIdx=2,elemOffset=4)
[transfer_view_probe] node=transfer_lds1_src:lxlu_dst:ptrow0 cl=0 dst sizes=out:64,in:8,out:1, compositeLoops= outerLoops=(loop_ds2_ds3_in,in,sizeIdx=1,elemOffset=8)
[transfer_view_probe] node=transfer_lds1_src:lxlu_dst:ptrow0 cl=1 src sizes=out:64,in:64,out:4, compositeLoops= outerLoops=(loop_ds2_ds3_in,in,sizeIdx=1,elemOffset=64)(loop_ds1_ds2_in,in,sizeIdx=1,elemOffset=64)(loop_ds1_ds7_out,out,sizeIdx=2,elemOffset=1)(loop_ds0_ds1_in,in,sizeIdx=1,elemOffset=64)(loop_ds0_ds1_out,out,sizeIdx=2,elemOffset=4)
[transfer_view_probe] node=transfer_lds1_src:lxlu_dst:ptrow0 cl=1 dst sizes=out:64,in:8,out:1, compositeLoops= outerLoops=(loop_ds2_ds3_in,in,sizeIdx=1,elemOffset=8)
[transfer_finalize_probe] node=transfer_lds1_src:lxlu_dst:ptrow1 srcUnit=lxlu srcStorage=lx dsts=1 srcLds=1 dstLds=1, ring=0
[transfer_view_probe] node=transfer_lds1_src:lxlu_dst:ptrow1 cl=0 src sizes=out:64,in:64,out:4, compositeLoops= outerLoops=(loop_ds2_ds3_in,in,sizeIdx=1,elemOffset=64)(loop_ds1_ds2_in,in,sizeIdx=1,elemOffset=64)(loop_ds1_ds7_out,out,sizeIdx=2,elemOffset=1)(loop_ds0_ds1_in,in,sizeIdx=1,elemOffset=64)(loop_ds0_ds1_out,out,sizeIdx=2,elemOffset=4)
[transfer_view_probe] node=transfer_lds1_src:lxlu_dst:ptrow1 cl=0 dst sizes=out:64,in:8,out:1, compositeLoops= outerLoops=(loop_ds2_ds3_in,in,sizeIdx=1,elemOffset=8)
[transfer_view_probe] node=transfer_lds1_src:lxlu_dst:ptrow1 cl=1 src sizes=out:64,in:64,out:4, compositeLoops= outerLoops=(loop_ds2_ds3_in,in,sizeIdx=1,elemOffset=64)(loop_ds1_ds2_in,in,sizeIdx=1,elemOffset=64)(loop_ds1_ds7_out,out,sizeIdx=2,elemOffset=1)(loop_ds0_ds1_in,in,sizeIdx=1,elemOffset=64)(loop_ds0_ds1_out,out,sizeIdx=2,elemOffset=4)
[transfer_view_probe] node=transfer_lds1_src:lxlu_dst:ptrow1 cl=1 dst sizes=out:64,in:8,out:1, compositeLoops= outerLoops=(loop_ds2_ds3_in,in,sizeIdx=1,elemOffset=8)
[transfer_finalize_probe] node=transfer_lds1_src:lxlu_dst:ptrow2 srcUnit=lxlu srcStorage=lx dsts=1 srcLds=1 dstLds=1, ring=0
[transfer_view_probe] node=transfer_lds1_src:lxlu_dst:ptrow2 cl=0 src sizes=out:64,in:64,out:4, compositeLoops= outerLoops=(loop_ds2_ds3_in,in,sizeIdx=1,elemOffset=64)(loop_ds1_ds2_in,in,sizeIdx=1,elemOffset=64)(loop_ds1_ds7_out,out,sizeIdx=2,elemOffset=1)(loop_ds0_ds1_in,in,sizeIdx=1,elemOffset=64)(loop_ds0_ds1_out,out,sizeIdx=2,elemOffset=4)
[transfer_view_probe] node=transfer_lds1_src:lxlu_dst:ptrow2 cl=0 dst sizes=out:64,in:8,out:1, compositeLoops= outerLoops=(loop_ds2_ds3_in,in,sizeIdx=1,elemOffset=8)
[transfer_view_probe] node=transfer_lds1_src:lxlu_dst:ptrow2 cl=1 src sizes=out:64,in:64,out:4, compositeLoops= outerLoops=(loop_ds2_ds3_in,in,sizeIdx=1,elemOffset=64)(loop_ds1_ds2_in,in,sizeIdx=1,elemOffset=64)(loop_ds1_ds7_out,out,sizeIdx=2,elemOffset=1)(loop_ds0_ds1_in,in,sizeIdx=1,elemOffset=64)(loop_ds0_ds1_out,out,sizeIdx=2,elemOffset=4)
[transfer_view_probe] node=transfer_lds1_src:lxlu_dst:ptrow2 cl=1 dst sizes=out:64,in:8,out:1, compositeLoops= outerLoops=(loop_ds2_ds3_in,in,sizeIdx=1,elemOffset=8)
[transfer_finalize_probe] node=transfer_lds1_src:lxlu_dst:ptrow3 srcUnit=lxlu srcStorage=lx dsts=1 srcLds=1 dstLds=1, ring=0
[transfer_view_probe] node=transfer_lds1_src:lxlu_dst:ptrow3 cl=0 src sizes=out:64,in:64,out:4, compositeLoops= outerLoops=(loop_ds2_ds3_in,in,sizeIdx=1,elemOffset=64)(loop_ds1_ds2_in,in,sizeIdx=1,elemOffset=64)(loop_ds1_ds7_out,out,sizeIdx=2,elemOffset=1)(loop_ds0_ds1_in,in,sizeIdx=1,elemOffset=64)(loop_ds0_ds1_out,out,sizeIdx=2,elemOffset=4)
[transfer_view_probe] node=transfer_lds1_src:lxlu_dst:ptrow3 cl=0 dst sizes=out:64,in:8,out:1, compositeLoops= outerLoops=(loop_ds2_ds3_in,in,sizeIdx=1,elemOffset=8)
[transfer_view_probe] node=transfer_lds1_src:lxlu_dst:ptrow3 cl=1 src sizes=out:64,in:64,out:4, compositeLoops= outerLoops=(loop_ds2_ds3_in,in,sizeIdx=1,elemOffset=64)(loop_ds1_ds2_in,in,sizeIdx=1,elemOffset=64)(loop_ds1_ds7_out,out,sizeIdx=2,elemOffset=1)(loop_ds0_ds1_in,in,sizeIdx=1,elemOffset=64)(loop_ds0_ds1_out,out,sizeIdx=2,elemOffset=4)
[transfer_view_probe] node=transfer_lds1_src:lxlu_dst:ptrow3 cl=1 dst sizes=out:64,in:8,out:1, compositeLoops= outerLoops=(loop_ds2_ds3_in,in,sizeIdx=1,elemOffset=8)
[transfer_finalize_probe] node=transfer_lds1_src:lxlu_dst:ptrow4 srcUnit=lxlu srcStorage=lx dsts=1 srcLds=1 dstLds=1, ring=0
[transfer_view_probe] node=transfer_lds1_src:lxlu_dst:ptrow4 cl=0 src sizes=out:64,in:64,out:4, compositeLoops= outerLoops=(loop_ds2_ds3_in,in,sizeIdx=1,elemOffset=64)(loop_ds1_ds2_in,in,sizeIdx=1,elemOffset=64)(loop_ds1_ds7_out,out,sizeIdx=2,elemOffset=1)(loop_ds0_ds1_in,in,sizeIdx=1,elemOffset=64)(loop_ds0_ds1_out,out,sizeIdx=2,elemOffset=4)
[transfer_view_probe] node=transfer_lds1_src:lxlu_dst:ptrow4 cl=0 dst sizes=out:64,in:8,out:1, compositeLoops= outerLoops=(loop_ds2_ds3_in,in,sizeIdx=1,elemOffset=8)
[transfer_view_probe] node=transfer_lds1_src:lxlu_dst:ptrow4 cl=1 src sizes=out:64,in:64,out:4, compositeLoops= outerLoops=(loop_ds2_ds3_in,in,sizeIdx=1,elemOffset=64)(loop_ds1_ds2_in,in,sizeIdx=1,elemOffset=64)(loop_ds1_ds7_out,out,sizeIdx=2,elemOffset=1)(loop_ds0_ds1_in,in,sizeIdx=1,elemOffset=64)(loop_ds0_ds1_out,out,sizeIdx=2,elemOffset=4)
[transfer_view_probe] node=transfer_lds1_src:lxlu_dst:ptrow4 cl=1 dst sizes=out:64,in:8,out:1, compositeLoops= outerLoops=(loop_ds2_ds3_in,in,sizeIdx=1,elemOffset=8)
[transfer_finalize_probe] node=transfer_lds1_src:lxlu_dst:ptrow5 srcUnit=lxlu srcStorage=lx dsts=1 srcLds=1 dstLds=1, ring=0
[transfer_view_probe] node=transfer_lds1_src:lxlu_dst:ptrow5 cl=0 src sizes=out:64,in:64,out:4, compositeLoops= outerLoops=(loop_ds2_ds3_in,in,sizeIdx=1,elemOffset=64)(loop_ds1_ds2_in,in,sizeIdx=1,elemOffset=64)(loop_ds1_ds7_out,out,sizeIdx=2,elemOffset=1)(loop_ds0_ds1_in,in,sizeIdx=1,elemOffset=64)(loop_ds0_ds1_out,out,sizeIdx=2,elemOffset=4)
[transfer_view_probe] node=transfer_lds1_src:lxlu_dst:ptrow5 cl=0 dst sizes=out:64,in:8,out:1, compositeLoops= outerLoops=(loop_ds2_ds3_in,in,sizeIdx=1,elemOffset=8)
[transfer_view_probe] node=transfer_lds1_src:lxlu_dst:ptrow5 cl=1 src sizes=out:64,in:64,out:4, compositeLoops= outerLoops=(loop_ds2_ds3_in,in,sizeIdx=1,elemOffset=64)(loop_ds1_ds2_in,in,sizeIdx=1,elemOffset=64)(loop_ds1_ds7_out,out,sizeIdx=2,elemOffset=1)(loop_ds0_ds1_in,in,sizeIdx=1,elemOffset=64)(loop_ds0_ds1_out,out,sizeIdx=2,elemOffset=4)
[transfer_view_probe] node=transfer_lds1_src:lxlu_dst:ptrow5 cl=1 dst sizes=out:64,in:8,out:1, compositeLoops= outerLoops=(loop_ds2_ds3_in,in,sizeIdx=1,elemOffset=8)
[transfer_finalize_probe] node=transfer_lds1_src:lxlu_dst:ptrow6 srcUnit=lxlu srcStorage=lx dsts=1 srcLds=1 dstLds=1, ring=0
[transfer_view_probe] node=transfer_lds1_src:lxlu_dst:ptrow6 cl=0 src sizes=out:64,in:64,out:4, compositeLoops= outerLoops=(loop_ds2_ds3_in,in,sizeIdx=1,elemOffset=64)(loop_ds1_ds2_in,in,sizeIdx=1,elemOffset=64)(loop_ds1_ds7_out,out,sizeIdx=2,elemOffset=1)(loop_ds0_ds1_in,in,sizeIdx=1,elemOffset=64)(loop_ds0_ds1_out,out,sizeIdx=2,elemOffset=4)
[transfer_view_probe] node=transfer_lds1_src:lxlu_dst:ptrow6 cl=0 dst sizes=out:64,in:8,out:1, compositeLoops= outerLoops=(loop_ds2_ds3_in,in,sizeIdx=1,elemOffset=8)
[transfer_view_probe] node=transfer_lds1_src:lxlu_dst:ptrow6 cl=1 src sizes=out:64,in:64,out:4, compositeLoops= outerLoops=(loop_ds2_ds3_in,in,sizeIdx=1,elemOffset=64)(loop_ds1_ds2_in,in,sizeIdx=1,elemOffset=64)(loop_ds1_ds7_out,out,sizeIdx=2,elemOffset=1)(loop_ds0_ds1_in,in,sizeIdx=1,elemOffset=64)(loop_ds0_ds1_out,out,sizeIdx=2,elemOffset=4)
[transfer_view_probe] node=transfer_lds1_src:lxlu_dst:ptrow6 cl=1 dst sizes=out:64,in:8,out:1, compositeLoops= outerLoops=(loop_ds2_ds3_in,in,sizeIdx=1,elemOffset=8)
[transfer_finalize_probe] node=transfer_lds1_src:lxlu_dst:ptrow7 srcUnit=lxlu srcStorage=lx dsts=1 srcLds=1 dstLds=1, ring=0
[transfer_view_probe] node=transfer_lds1_src:lxlu_dst:ptrow7 cl=0 src sizes=out:64,in:64,out:4, compositeLoops= outerLoops=(loop_ds2_ds3_in,in,sizeIdx=1,elemOffset=64)(loop_ds1_ds2_in,in,sizeIdx=1,elemOffset=64)(loop_ds1_ds7_out,out,sizeIdx=2,elemOffset=1)(loop_ds0_ds1_in,in,sizeIdx=1,elemOffset=64)(loop_ds0_ds1_out,out,sizeIdx=2,elemOffset=4)
[transfer_view_probe] node=transfer_lds1_src:lxlu_dst:ptrow7 cl=0 dst sizes=out:64,in:8,out:1, compositeLoops=(loop_ds2_ds3_in,in,sizeIdx=1,elemOffset=8) outerLoops=
[transfer_view_probe] node=transfer_lds1_src:lxlu_dst:ptrow7 cl=1 src sizes=out:64,in:64,out:4, compositeLoops= outerLoops=(loop_ds2_ds3_in,in,sizeIdx=1,elemOffset=64)(loop_ds1_ds2_in,in,sizeIdx=1,elemOffset=64)(loop_ds1_ds7_out,out,sizeIdx=2,elemOffset=1)(loop_ds0_ds1_in,in,sizeIdx=1,elemOffset=64)(loop_ds0_ds1_out,out,sizeIdx=2,elemOffset=4)
[transfer_view_probe] node=transfer_lds1_src:lxlu_dst:ptrow7 cl=1 dst sizes=out:64,in:8,out:1, compositeLoops=(loop_ds2_ds3_in,in,sizeIdx=1,elemOffset=8) outerLoops=
[transfer_finalize_probe] node=transfer_lds0_src:l0lurow0_dst:ptrow0 srcUnit=l0lurow0 srcStorage=l0 dsts=1 srcLds=0 dstLds=0, ring=0
[transfer_view_probe] node=transfer_lds0_src:l0lurow0_dst:ptrow0 cl=0 src sizes=in:8,mb:4,in:1, compositeLoops=(loop_ds5_ds7_mb,mb,sizeIdx=1,elemOffset=1)(loop_ds6_ds7_in,in,sizeIdx=0,elemOffset=1)(loop_ds4_ds6_in,in,sizeIdx=0,elemOffset=2)(loop_ds2_ds4_in,in,sizeIdx=2,elemOffset=1) outerLoops=
[transfer_view_probe] node=transfer_lds0_src:l0lurow0_dst:ptrow0 cl=0 dst sizes= compositeLoops= outerLoops=
[transfer_view_probe] node=transfer_lds0_src:l0lurow0_dst:ptrow0 cl=1 src sizes=in:8,mb:4,in:1, compositeLoops=(loop_ds5_ds7_mb,mb,sizeIdx=1,elemOffset=1)(loop_ds6_ds7_in,in,sizeIdx=0,elemOffset=1)(loop_ds4_ds6_in,in,sizeIdx=0,elemOffset=2)(loop_ds2_ds4_in,in,sizeIdx=2,elemOffset=1) outerLoops=
[transfer_view_probe] node=transfer_lds0_src:l0lurow0_dst:ptrow0 cl=1 dst sizes= compositeLoops= outerLoops=
[transfer_finalize_probe] node=transfer_lds0_src:l0lurow1_dst:ptrow1 srcUnit=l0lurow1 srcStorage=l0 dsts=1 srcLds=0 dstLds=0, ring=0
[transfer_view_probe] node=transfer_lds0_src:l0lurow1_dst:ptrow1 cl=0 src sizes=in:8,mb:4,in:1, compositeLoops=(loop_ds5_ds7_mb,mb,sizeIdx=1,elemOffset=1)(loop_ds6_ds7_in,in,sizeIdx=0,elemOffset=1)(loop_ds4_ds6_in,in,sizeIdx=0,elemOffset=2)(loop_ds2_ds4_in,in,sizeIdx=2,elemOffset=1) outerLoops=
[transfer_view_probe] node=transfer_lds0_src:l0lurow1_dst:ptrow1 cl=0 dst sizes= compositeLoops= outerLoops=
[transfer_view_probe] node=transfer_lds0_src:l0lurow1_dst:ptrow1 cl=1 src sizes=in:8,mb:4,in:1, compositeLoops=(loop_ds5_ds7_mb,mb,sizeIdx=1,elemOffset=1)(loop_ds6_ds7_in,in,sizeIdx=0,elemOffset=1)(loop_ds4_ds6_in,in,sizeIdx=0,elemOffset=2)(loop_ds2_ds4_in,in,sizeIdx=2,elemOffset=1) outerLoops=
[transfer_view_probe] node=transfer_lds0_src:l0lurow1_dst:ptrow1 cl=1 dst sizes= compositeLoops= outerLoops=
[transfer_finalize_probe] node=transfer_lds0_src:l0lurow2_dst:ptrow2 srcUnit=l0lurow2 srcStorage=l0 dsts=1 srcLds=0 dstLds=0, ring=0
[transfer_view_probe] node=transfer_lds0_src:l0lurow2_dst:ptrow2 cl=0 src sizes=in:8,mb:4,in:1, compositeLoops=(loop_ds5_ds7_mb,mb,sizeIdx=1,elemOffset=1)(loop_ds6_ds7_in,in,sizeIdx=0,elemOffset=1)(loop_ds4_ds6_in,in,sizeIdx=0,elemOffset=2)(loop_ds2_ds4_in,in,sizeIdx=2,elemOffset=1) outerLoops=
[transfer_view_probe] node=transfer_lds0_src:l0lurow2_dst:ptrow2 cl=0 dst sizes= compositeLoops= outerLoops=
[transfer_view_probe] node=transfer_lds0_src:l0lurow2_dst:ptrow2 cl=1 src sizes=in:8,mb:4,in:1, compositeLoops=(loop_ds5_ds7_mb,mb,sizeIdx=1,elemOffset=1)(loop_ds6_ds7_in,in,sizeIdx=0,elemOffset=1)(loop_ds4_ds6_in,in,sizeIdx=0,elemOffset=2)(loop_ds2_ds4_in,in,sizeIdx=2,elemOffset=1) outerLoops=
[transfer_view_probe] node=transfer_lds0_src:l0lurow2_dst:ptrow2 cl=1 dst sizes= compositeLoops= outerLoops=
[transfer_finalize_probe] node=transfer_lds0_src:l0lurow3_dst:ptrow3 srcUnit=l0lurow3 srcStorage=l0 dsts=1 srcLds=0 dstLds=0, ring=0
[transfer_view_probe] node=transfer_lds0_src:l0lurow3_dst:ptrow3 cl=0 src sizes=in:8,mb:4,in:1, compositeLoops=(loop_ds5_ds7_mb,mb,sizeIdx=1,elemOffset=1)(loop_ds6_ds7_in,in,sizeIdx=0,elemOffset=1)(loop_ds4_ds6_in,in,sizeIdx=0,elemOffset=2)(loop_ds2_ds4_in,in,sizeIdx=2,elemOffset=1) outerLoops=
[transfer_view_probe] node=transfer_lds0_src:l0lurow3_dst:ptrow3 cl=0 dst sizes= compositeLoops= outerLoops=
[transfer_view_probe] node=transfer_lds0_src:l0lurow3_dst:ptrow3 cl=1 src sizes=in:8,mb:4,in:1, compositeLoops=(loop_ds5_ds7_mb,mb,sizeIdx=1,elemOffset=1)(loop_ds6_ds7_in,in,sizeIdx=0,elemOffset=1)(loop_ds4_ds6_in,in,sizeIdx=0,elemOffset=2)(loop_ds2_ds4_in,in,sizeIdx=2,elemOffset=1) outerLoops=
[transfer_view_probe] node=transfer_lds0_src:l0lurow3_dst:ptrow3 cl=1 dst sizes= compositeLoops= outerLoops=
[transfer_finalize_probe] node=transfer_lds0_src:l0lurow4_dst:ptrow4 srcUnit=l0lurow4 srcStorage=l0 dsts=1 srcLds=0 dstLds=0, ring=0
[transfer_view_probe] node=transfer_lds0_src:l0lurow4_dst:ptrow4 cl=0 src sizes=in:8,mb:4,in:1, compositeLoops=(loop_ds5_ds7_mb,mb,sizeIdx=1,elemOffset=1)(loop_ds6_ds7_in,in,sizeIdx=0,elemOffset=1)(loop_ds4_ds6_in,in,sizeIdx=0,elemOffset=2)(loop_ds2_ds4_in,in,sizeIdx=2,elemOffset=1) outerLoops=
[transfer_view_probe] node=transfer_lds0_src:l0lurow4_dst:ptrow4 cl=0 dst sizes= compositeLoops= outerLoops=
[transfer_view_probe] node=transfer_lds0_src:l0lurow4_dst:ptrow4 cl=1 src sizes=in:8,mb:4,in:1, compositeLoops=(loop_ds5_ds7_mb,mb,sizeIdx=1,elemOffset=1)(loop_ds6_ds7_in,in,sizeIdx=0,elemOffset=1)(loop_ds4_ds6_in,in,sizeIdx=0,elemOffset=2)(loop_ds2_ds4_in,in,sizeIdx=2,elemOffset=1) outerLoops=
[transfer_view_probe] node=transfer_lds0_src:l0lurow4_dst:ptrow4 cl=1 dst sizes= compositeLoops= outerLoops=
[transfer_finalize_probe] node=transfer_lds0_src:l0lurow5_dst:ptrow5 srcUnit=l0lurow5 srcStorage=l0 dsts=1 srcLds=0 dstLds=0, ring=0
[transfer_view_probe] node=transfer_lds0_src:l0lurow5_dst:ptrow5 cl=0 src sizes=in:8,mb:4,in:1, compositeLoops=(loop_ds5_ds7_mb,mb,sizeIdx=1,elemOffset=1)(loop_ds6_ds7_in,in,sizeIdx=0,elemOffset=1)(loop_ds4_ds6_in,in,sizeIdx=0,elemOffset=2)(loop_ds2_ds4_in,in,sizeIdx=2,elemOffset=1) outerLoops=
[transfer_view_probe] node=transfer_lds0_src:l0lurow5_dst:ptrow5 cl=0 dst sizes= compositeLoops= outerLoops=
[transfer_view_probe] node=transfer_lds0_src:l0lurow5_dst:ptrow5 cl=1 src sizes=in:8,mb:4,in:1, compositeLoops=(loop_ds5_ds7_mb,mb,sizeIdx=1,elemOffset=1)(loop_ds6_ds7_in,in,sizeIdx=0,elemOffset=1)(loop_ds4_ds6_in,in,sizeIdx=0,elemOffset=2)(loop_ds2_ds4_in,in,sizeIdx=2,elemOffset=1) outerLoops=
[transfer_view_probe] node=transfer_lds0_src:l0lurow5_dst:ptrow5 cl=1 dst sizes= compositeLoops= outerLoops=
[transfer_finalize_probe] node=transfer_lds0_src:l0lurow6_dst:ptrow6 srcUnit=l0lurow6 srcStorage=l0 dsts=1 srcLds=0 dstLds=0, ring=0
[transfer_view_probe] node=transfer_lds0_src:l0lurow6_dst:ptrow6 cl=0 src sizes=in:8,mb:4,in:1, compositeLoops=(loop_ds5_ds7_mb,mb,sizeIdx=1,elemOffset=1)(loop_ds6_ds7_in,in,sizeIdx=0,elemOffset=1)(loop_ds4_ds6_in,in,sizeIdx=0,elemOffset=2)(loop_ds2_ds4_in,in,sizeIdx=2,elemOffset=1) outerLoops=
[transfer_view_probe] node=transfer_lds0_src:l0lurow6_dst:ptrow6 cl=0 dst sizes= compositeLoops= outerLoops=
[transfer_view_probe] node=transfer_lds0_src:l0lurow6_dst:ptrow6 cl=1 src sizes=in:8,mb:4,in:1, compositeLoops=(loop_ds5_ds7_mb,mb,sizeIdx=1,elemOffset=1)(loop_ds6_ds7_in,in,sizeIdx=0,elemOffset=1)(loop_ds4_ds6_in,in,sizeIdx=0,elemOffset=2)(loop_ds2_ds4_in,in,sizeIdx=2,elemOffset=1) outerLoops=
[transfer_view_probe] node=transfer_lds0_src:l0lurow6_dst:ptrow6 cl=1 dst sizes= compositeLoops= outerLoops=
[transfer_finalize_probe] node=transfer_lds0_src:l0lurow7_dst:ptrow7 srcUnit=l0lurow7 srcStorage=l0 dsts=1 srcLds=0 dstLds=0, ring=0
[transfer_view_probe] node=transfer_lds0_src:l0lurow7_dst:ptrow7 cl=0 src sizes=in:8,mb:4,in:1, compositeLoops=(loop_ds5_ds7_mb,mb,sizeIdx=1,elemOffset=1)(loop_ds6_ds7_in,in,sizeIdx=0,elemOffset=1)(loop_ds4_ds6_in,in,sizeIdx=0,elemOffset=2)(loop_ds2_ds4_in,in,sizeIdx=2,elemOffset=1) outerLoops=
[transfer_view_probe] node=transfer_lds0_src:l0lurow7_dst:ptrow7 cl=0 dst sizes= compositeLoops= outerLoops=
[transfer_view_probe] node=transfer_lds0_src:l0lurow7_dst:ptrow7 cl=1 src sizes=in:8,mb:4,in:1, compositeLoops=(loop_ds5_ds7_mb,mb,sizeIdx=1,elemOffset=1)(loop_ds6_ds7_in,in,sizeIdx=0,elemOffset=1)(loop_ds4_ds6_in,in,sizeIdx=0,elemOffset=2)(loop_ds2_ds4_in,in,sizeIdx=2,elemOffset=1) outerLoops=
[transfer_view_probe] node=transfer_lds0_src:l0lurow7_dst:ptrow7 cl=1 dst sizes= compositeLoops= outerLoops=
[transfer_finalize_probe] node=transfer_lds2_src:ptrow7_dst:pe srcUnit=ptrow7 srcStorage=pe dsts=1 srcLds=2 dstLds=2, ring=0
[transfer_view_probe] node=transfer_lds2_src:ptrow7_dst:pe cl=0 src sizes= compositeLoops= outerLoops=
[transfer_view_probe] node=transfer_lds2_src:ptrow7_dst:pe cl=0 dst sizes= compositeLoops= outerLoops=
[transfer_view_probe] node=transfer_lds2_src:ptrow7_dst:pe cl=1 src sizes= compositeLoops= outerLoops=
[transfer_view_probe] node=transfer_lds2_src:ptrow7_dst:pe cl=1 dst sizes= compositeLoops= outerLoops=
[lx_neighbor_pcfg_dsc2] node=transfer_lds1_src:no_component_dst:lx_lx_local transfers=1024 core=0 unit=l3lu
[lx_neighbor_pcfg_dsc2] emit recv core=0 src=3 dst=0 bytes=128 run=8 group=1 phase=1 srcStride=128 dstStride=128
[lx_neighbor_pcfg_dsc2] emit recv core=0 src=3 dst=0 bytes=128 run=8 group=1 phase=1 srcStride=128 dstStride=128
[lx_neighbor_pcfg_dsc2] emit recv core=0 src=3 dst=0 bytes=128 run=8 group=1 phase=1 srcStride=128 dstStride=128
[lx_neighbor_pcfg_dsc2] emit recv core=0 src=3 dst=0 bytes=128 run=8 group=1 phase=1 srcStride=128 dstStride=128
[lx_neighbor_pcfg_dsc2] emit recv core=0 src=3 dst=0 bytes=128 run=8 group=1 phase=1 srcStride=128 dstStride=128
[lx_neighbor_pcfg_dsc2] emit recv core=0 src=3 dst=0 bytes=128 run=8 group=1 phase=1 srcStride=128 dstStride=128
[lx_neighbor_pcfg_dsc2] emit recv core=0 src=3 dst=0 bytes=128 run=8 group=1 phase=1 srcStride=128 dstStride=128
[lx_neighbor_pcfg_dsc2] emit recv core=0 src=3 dst=0 bytes=128 run=8 group=1 phase=1 srcStride=128 dstStride=128
[lx_neighbor_pcfg_dsc2] emit recv core=0 src=3 dst=0 bytes=128 run=8 group=2 phase=1 srcStride=128 dstStride=128
[lx_neighbor_pcfg_dsc2] emit recv core=0 src=3 dst=0 bytes=128 run=8 group=2 phase=1 srcStride=128 dstStride=128
[lx_neighbor_pcfg_dsc2] emit recv core=0 src=3 dst=0 bytes=128 run=8 group=2 phase=1 srcStride=128 dstStride=128
[lx_neighbor_pcfg_dsc2] emit recv core=0 src=3 dst=0 bytes=128 run=8 group=2 phase=1 srcStride=128 dstStride=128
[lx_neighbor_pcfg_dsc2] emit recv core=0 src=3 dst=0 bytes=128 run=8 group=2 phase=1 srcStride=128 dstStride=128
[lx_neighbor_pcfg_dsc2] emit recv core=0 src=3 dst=0 bytes=128 run=8 group=2 phase=1 srcStride=128 dstStride=128
[lx_neighbor_pcfg_dsc2] emit recv core=0 src=3 dst=0 bytes=128 run=8 group=2 phase=1 srcStride=128 dstStride=128
[lx_neighbor_pcfg_dsc2] emit recv core=0 src=3 dst=0 bytes=128 run=8 group=2 phase=1 srcStride=128 dstStride=128
[lx_neighbor_pcfg_dsc2] emit recv core=0 src=3 dst=0 bytes=128 run=8 group=3 phase=1 srcStride=128 dstStride=128
[lx_neighbor_pcfg_dsc2] emit recv core=0 src=3 dst=0 bytes=128 run=8 group=3 phase=1 srcStride=128 dstStride=128
[lx_neighbor_pcfg_dsc2] emit recv core=0 src=3 dst=0 bytes=128 run=8 group=3 phase=1 srcStride=128 dstStride=128
[lx_neighbor_pcfg_dsc2] emit recv core=0 src=3 dst=0 bytes=128 run=8 group=3 phase=1 srcStride=128 dstStride=128
[lx_neighbor_pcfg_dsc2] emit recv core=0 src=3 dst=0 bytes=128 run=8 group=3 phase=1 srcStride=128 dstStride=128
[lx_neighbor_pcfg_dsc2] emit recv core=0 src=3 dst=0 bytes=128 run=8 group=3 phase=1 srcStride=128 dstStride=128
[lx_neighbor_pcfg_dsc2] emit recv core=0 src=3 dst=0 bytes=128 run=8 group=3 phase=1 srcStride=128 dstStride=128
[lx_neighbor_pcfg_dsc2] emit recv core=0 src=3 dst=0 bytes=128 run=8 group=3 phase=1 srcStride=128 dstStride=128
[lx_neighbor_pcfg_dsc2] emit recv core=0 src=3 dst=0 bytes=128 run=8 group=4 phase=1 srcStride=128 dstStride=128
[lx_neighbor_pcfg_dsc2] emit recv core=0 src=3 dst=0 bytes=128 run=8 group=4 phase=1 srcStride=128 dstStride=128
[lx_neighbor_pcfg_dsc2] emit recv core=0 src=3 dst=0 bytes=128 run=8 group=4 phase=1 srcStride=128 dstStride=128
[lx_neighbor_pcfg_dsc2] emit recv core=0 src=3 dst=0 bytes=128 run=8 group=4 phase=1 srcStride=128 dstStride=128
[lx_neighbor_pcfg_dsc2] emit recv core=0 src=3 dst=0 bytes=128 run=8 group=4 phase=1 srcStride=128 dstStride=128
[lx_neighbor_pcfg_dsc2] emit recv core=0 src=3 dst=0 bytes=128 run=8 group=4 phase=1 srcStride=128 dstStride=128
[lx_neighbor_pcfg_dsc2] emit recv core=0 src=3 dst=0 bytes=128 run=8 group=4 phase=1 srcStride=128 dstStride=128
[lx_neighbor_pcfg_dsc2] emit recv core=0 src=3 dst=0 bytes=128 run=8 group=4 phase=1 srcStride=128 dstStride=128
[lx_neighbor_pcfg_dsc2] node=transfer_lds1_src:no_component_dst:lx_lx_local transfers=1024 core=0 unit=l3su
[lx_neighbor_pcfg_dsc2] emit send core=0 src=0 dst=1 bytes=128 run=8 group=1 phase=1 srcStride=128 dstStride=128
[lx_neighbor_pcfg_dsc2] emit send core=0 src=0 dst=1 bytes=128 run=8 group=1 phase=1 srcStride=128 dstStride=128
[lx_neighbor_pcfg_dsc2] emit send core=0 src=0 dst=1 bytes=128 run=8 group=1 phase=1 srcStride=128 dstStride=128
[lx_neighbor_pcfg_dsc2] emit send core=0 src=0 dst=1 bytes=128 run=8 group=1 phase=1 srcStride=128 dstStride=128
[lx_neighbor_pcfg_dsc2] emit send core=0 src=0 dst=1 bytes=128 run=8 group=1 phase=1 srcStride=128 dstStride=128
[lx_neighbor_pcfg_dsc2] emit send core=0 src=0 dst=1 bytes=128 run=8 group=1 phase=1 srcStride=128 dstStride=128
[lx_neighbor_pcfg_dsc2] emit send core=0 src=0 dst=1 bytes=128 run=8 group=1 phase=1 srcStride=128 dstStride=128
[lx_neighbor_pcfg_dsc2] emit send core=0 src=0 dst=1 bytes=128 run=8 group=1 phase=1 srcStride=128 dstStride=128
[lx_neighbor_pcfg_dsc2] emit send core=0 src=0 dst=1 bytes=128 run=8 group=2 phase=1 srcStride=128 dstStride=128
[lx_neighbor_pcfg_dsc2] emit send core=0 src=0 dst=1 bytes=128 run=8 group=2 phase=1 srcStride=128 dstStride=128
[lx_neighbor_pcfg_dsc2] emit send core=0 src=0 dst=1 bytes=128 run=8 group=2 phase=1 srcStride=128 dstStride=128
[lx_neighbor_pcfg_dsc2] emit send core=0 src=0 dst=1 bytes=128 run=8 group=2 phase=1 srcStride=128 dstStride=128
[lx_neighbor_pcfg_dsc2] emit send core=0 src=0 dst=1 bytes=128 run=8 group=2 phase=1 srcStride=128 dstStride=128
[lx_neighbor_pcfg_dsc2] emit send core=0 src=0 dst=1 bytes=128 run=8 group=2 phase=1 srcStride=128 dstStride=128
[lx_neighbor_pcfg_dsc2] emit send core=0 src=0 dst=1 bytes=128 run=8 group=2 phase=1 srcStride=128 dstStride=128
[lx_neighbor_pcfg_dsc2] emit send core=0 src=0 dst=1 bytes=128 run=8 group=2 phase=1 srcStride=128 dstStride=128
[lx_neighbor_pcfg_dsc2] emit send core=0 src=0 dst=1 bytes=128 run=8 group=3 phase=1 srcStride=128 dstStride=128
[lx_neighbor_pcfg_dsc2] emit send core=0 src=0 dst=1 bytes=128 run=8 group=3 phase=1 srcStride=128 dstStride=128
[lx_neighbor_pcfg_dsc2] emit send core=0 src=0 dst=1 bytes=128 run=8 group=3 phase=1 srcStride=128 dstStride=128
[lx_neighbor_pcfg_dsc2] emit send core=0 src=0 dst=1 bytes=128 run=8 group=3 phase=1 srcStride=128 dstStride=128
[lx_neighbor_pcfg_dsc2] emit send core=0 src=0 dst=1 bytes=128 run=8 group=3 phase=1 srcStride=128 dstStride=128
[lx_neighbor_pcfg_dsc2] emit send core=0 src=0 dst=1 bytes=128 run=8 group=3 phase=1 srcStride=128 dstStride=128
[lx_neighbor_pcfg_dsc2] emit send core=0 src=0 dst=1 bytes=128 run=8 group=3 phase=1 srcStride=128 dstStride=128
[lx_neighbor_pcfg_dsc2] emit send core=0 src=0 dst=1 bytes=128 run=8 group=3 phase=1 srcStride=128 dstStride=128
[lx_neighbor_pcfg_dsc2] emit send core=0 src=0 dst=1 bytes=128 run=8 group=4 phase=1 srcStride=128 dstStride=128
[lx_neighbor_pcfg_dsc2] emit send core=0 src=0 dst=1 bytes=128 run=8 group=4 phase=1 srcStride=128 dstStride=128
[lx_neighbor_pcfg_dsc2] emit send core=0 src=0 dst=1 bytes=128 run=8 group=4 phase=1 srcStride=128 dstStride=128
[lx_neighbor_pcfg_dsc2] emit send core=0 src=0 dst=1 bytes=128 run=8 group=4 phase=1 srcStride=128 dstStride=128
[lx_neighbor_pcfg_dsc2] emit send core=0 src=0 dst=1 bytes=128 run=8 group=4 phase=1 srcStride=128 dstStride=128
[lx_neighbor_pcfg_dsc2] emit send core=0 src=0 dst=1 bytes=128 run=8 group=4 phase=1 srcStride=128 dstStride=128
[lx_neighbor_pcfg_dsc2] emit send core=0 src=0 dst=1 bytes=128 run=8 group=4 phase=1 srcStride=128 dstStride=128
[lx_neighbor_pcfg_dsc2] emit send core=0 src=0 dst=1 bytes=128 run=8 group=4 phase=1 srcStride=128 dstStride=128
[lx_neighbor_pcfg_dsc2] node=transfer_lds1_src:no_component_dst:lx_lx_local transfers=1024 core=1 unit=l3lu
[lx_neighbor_pcfg_dsc2] emit recv core=1 src=0 dst=1 bytes=128 run=8 group=1 phase=1 srcStride=128 dstStride=128
[lx_neighbor_pcfg_dsc2] emit recv core=1 src=0 dst=1 bytes=128 run=8 group=1 phase=1 srcStride=128 dstStride=128
[lx_neighbor_pcfg_dsc2] emit recv core=1 src=0 dst=1 bytes=128 run=8 group=1 phase=1 srcStride=128 dstStride=128
[lx_neighbor_pcfg_dsc2] emit recv core=1 src=0 dst=1 bytes=128 run=8 group=1 phase=1 srcStride=128 dstStride=128
[lx_neighbor_pcfg_dsc2] emit recv core=1 src=0 dst=1 bytes=128 run=8 group=1 phase=1 srcStride=128 dstStride=128
[lx_neighbor_pcfg_dsc2] emit recv core=1 src=0 dst=1 bytes=128 run=8 group=1 phase=1 srcStride=128 dstStride=128
[lx_neighbor_pcfg_dsc2] emit recv core=1 src=0 dst=1 bytes=128 run=8 group=1 phase=1 srcStride=128 dstStride=128
[lx_neighbor_pcfg_dsc2] emit recv core=1 src=0 dst=1 bytes=128 run=8 group=1 phase=1 srcStride=128 dstStride=128
[lx_neighbor_pcfg_dsc2] emit recv core=1 src=0 dst=1 bytes=128 run=8 group=2 phase=1 srcStride=128 dstStride=128
[lx_neighbor_pcfg_dsc2] emit recv core=1 src=0 dst=1 bytes=128 run=8 group=2 phase=1 srcStride=128 dstStride=128
[lx_neighbor_pcfg_dsc2] emit recv core=1 src=0 dst=1 bytes=128 run=8 group=2 phase=1 srcStride=128 dstStride=128
[lx_neighbor_pcfg_dsc2] emit recv core=1 src=0 dst=1 bytes=128 run=8 group=2 phase=1 srcStride=128 dstStride=128
[lx_neighbor_pcfg_dsc2] emit recv core=1 src=0 dst=1 bytes=128 run=8 group=2 phase=1 srcStride=128 dstStride=128
[lx_neighbor_pcfg_dsc2] emit recv core=1 src=0 dst=1 bytes=128 run=8 group=2 phase=1 srcStride=128 dstStride=128
[lx_neighbor_pcfg_dsc2] emit recv core=1 src=0 dst=1 bytes=128 run=8 group=2 phase=1 srcStride=128 dstStride=128
[lx_neighbor_pcfg_dsc2] emit recv core=1 src=0 dst=1 bytes=128 run=8 group=2 phase=1 srcStride=128 dstStride=128
[lx_neighbor_pcfg_dsc2] emit recv core=1 src=0 dst=1 bytes=128 run=8 group=3 phase=1 srcStride=128 dstStride=128
[lx_neighbor_pcfg_dsc2] emit recv core=1 src=0 dst=1 bytes=128 run=8 group=3 phase=1 srcStride=128 dstStride=128
[lx_neighbor_pcfg_dsc2] emit recv core=1 src=0 dst=1 bytes=128 run=8 group=3 phase=1 srcStride=128 dstStride=128
[lx_neighbor_pcfg_dsc2] emit recv core=1 src=0 dst=1 bytes=128 run=8 group=3 phase=1 srcStride=128 dstStride=128
[lx_neighbor_pcfg_dsc2] emit recv core=1 src=0 dst=1 bytes=128 run=8 group=3 phase=1 srcStride=128 dstStride=128
[lx_neighbor_pcfg_dsc2] emit recv core=1 src=0 dst=1 bytes=128 run=8 group=3 phase=1 srcStride=128 dstStride=128
[lx_neighbor_pcfg_dsc2] emit recv core=1 src=0 dst=1 bytes=128 run=8 group=3 phase=1 srcStride=128 dstStride=128
[lx_neighbor_pcfg_dsc2] emit recv core=1 src=0 dst=1 bytes=128 run=8 group=3 phase=1 srcStride=128 dstStride=128
[lx_neighbor_pcfg_dsc2] emit recv core=1 src=0 dst=1 bytes=128 run=8 group=4 phase=1 srcStride=128 dstStride=128
[lx_neighbor_pcfg_dsc2] emit recv core=1 src=0 dst=1 bytes=128 run=8 group=4 phase=1 srcStride=128 dstStride=128
[lx_neighbor_pcfg_dsc2] emit recv core=1 src=0 dst=1 bytes=128 run=8 group=4 phase=1 srcStride=128 dstStride=128
[lx_neighbor_pcfg_dsc2] emit recv core=1 src=0 dst=1 bytes=128 run=8 group=4 phase=1 srcStride=128 dstStride=128
[lx_neighbor_pcfg_dsc2] emit recv core=1 src=0 dst=1 bytes=128 run=8 group=4 phase=1 srcStride=128 dstStride=128
[lx_neighbor_pcfg_dsc2] emit recv core=1 src=0 dst=1 bytes=128 run=8 group=4 phase=1 srcStride=128 dstStride=128
[lx_neighbor_pcfg_dsc2] emit recv core=1 src=0 dst=1 bytes=128 run=8 group=4 phase=1 srcStride=128 dstStride=128
[lx_neighbor_pcfg_dsc2] emit recv core=1 src=0 dst=1 bytes=128 run=8 group=4 phase=1 srcStride=128 dstStride=128
[lx_neighbor_pcfg_dsc2] node=transfer_lds1_src:no_component_dst:lx_lx_local transfers=1024 core=1 unit=l3su
[lx_neighbor_pcfg_dsc2] emit send core=1 src=1 dst=2 bytes=128 run=8 group=1 phase=1 srcStride=128 dstStride=128
[lx_neighbor_pcfg_dsc2] emit send core=1 src=1 dst=2 bytes=128 run=8 group=1 phase=1 srcStride=128 dstStride=128
[lx_neighbor_pcfg_dsc2] emit send core=1 src=1 dst=2 bytes=128 run=8 group=1 phase=1 srcStride=128 dstStride=128
[lx_neighbor_pcfg_dsc2] emit send core=1 src=1 dst=2 bytes=128 run=8 group=1 phase=1 srcStride=128 dstStride=128
[lx_neighbor_pcfg_dsc2] emit send core=1 src=1 dst=2 bytes=128 run=8 group=1 phase=1 srcStride=128 dstStride=128
[lx_neighbor_pcfg_dsc2] emit send core=1 src=1 dst=2 bytes=128 run=8 group=1 phase=1 srcStride=128 dstStride=128
[lx_neighbor_pcfg_dsc2] emit send core=1 src=1 dst=2 bytes=128 run=8 group=1 phase=1 srcStride=128 dstStride=128
[lx_neighbor_pcfg_dsc2] emit send core=1 src=1 dst=2 bytes=128 run=8 group=1 phase=1 srcStride=128 dstStride=128
[lx_neighbor_pcfg_dsc2] emit send core=1 src=1 dst=2 bytes=128 run=8 group=2 phase=1 srcStride=128 dstStride=128
[lx_neighbor_pcfg_dsc2] emit send core=1 src=1 dst=2 bytes=128 run=8 group=2 phase=1 srcStride=128 dstStride=128
[lx_neighbor_pcfg_dsc2] emit send core=1 src=1 dst=2 bytes=128 run=8 group=2 phase=1 srcStride=128 dstStride=128
[lx_neighbor_pcfg_dsc2] emit send core=1 src=1 dst=2 bytes=128 run=8 group=2 phase=1 srcStride=128 dstStride=128
[lx_neighbor_pcfg_dsc2] emit send core=1 src=1 dst=2 bytes=128 run=8 group=2 phase=1 srcStride=128 dstStride=128
[lx_neighbor_pcfg_dsc2] emit send core=1 src=1 dst=2 bytes=128 run=8 group=2 phase=1 srcStride=128 dstStride=128
[lx_neighbor_pcfg_dsc2] emit send core=1 src=1 dst=2 bytes=128 run=8 group=2 phase=1 srcStride=128 dstStride=128
[lx_neighbor_pcfg_dsc2] emit send core=1 src=1 dst=2 bytes=128 run=8 group=2 phase=1 srcStride=128 dstStride=128
[lx_neighbor_pcfg_dsc2] emit send core=1 src=1 dst=2 bytes=128 run=8 group=3 phase=1 srcStride=128 dstStride=128
[lx_neighbor_pcfg_dsc2] emit send core=1 src=1 dst=2 bytes=128 run=8 group=3 phase=1 srcStride=128 dstStride=128
[lx_neighbor_pcfg_dsc2] emit send core=1 src=1 dst=2 bytes=128 run=8 group=3 phase=1 srcStride=128 dstStride=128
[lx_neighbor_pcfg_dsc2] emit send core=1 src=1 dst=2 bytes=128 run=8 group=3 phase=1 srcStride=128 dstStride=128
[lx_neighbor_pcfg_dsc2] emit send core=1 src=1 dst=2 bytes=128 run=8 group=3 phase=1 srcStride=128 dstStride=128
[lx_neighbor_pcfg_dsc2] emit send core=1 src=1 dst=2 bytes=128 run=8 group=3 phase=1 srcStride=128 dstStride=128
[lx_neighbor_pcfg_dsc2] emit send core=1 src=1 dst=2 bytes=128 run=8 group=3 phase=1 srcStride=128 dstStride=128
[lx_neighbor_pcfg_dsc2] emit send core=1 src=1 dst=2 bytes=128 run=8 group=3 phase=1 srcStride=128 dstStride=128
[lx_neighbor_pcfg_dsc2] emit send core=1 src=1 dst=2 bytes=128 run=8 group=4 phase=1 srcStride=128 dstStride=128
[lx_neighbor_pcfg_dsc2] emit send core=1 src=1 dst=2 bytes=128 run=8 group=4 phase=1 srcStride=128 dstStride=128
[lx_neighbor_pcfg_dsc2] emit send core=1 src=1 dst=2 bytes=128 run=8 group=4 phase=1 srcStride=128 dstStride=128
[lx_neighbor_pcfg_dsc2] emit send core=1 src=1 dst=2 bytes=128 run=8 group=4 phase=1 srcStride=128 dstStride=128
[lx_neighbor_pcfg_dsc2] emit send core=1 src=1 dst=2 bytes=128 run=8 group=4 phase=1 srcStride=128 dstStride=128
[lx_neighbor_pcfg_dsc2] emit send core=1 src=1 dst=2 bytes=128 run=8 group=4 phase=1 srcStride=128 dstStride=128
[lx_neighbor_pcfg_dsc2] emit send core=1 src=1 dst=2 bytes=128 run=8 group=4 phase=1 srcStride=128 dstStride=128
[lx_neighbor_pcfg_dsc2] emit send core=1 src=1 dst=2 bytes=128 run=8 group=4 phase=1 srcStride=128 dstStride=128
[lx_neighbor_pcfg_dsc2] node=transfer_lds1_src:no_component_dst:lx_lx_local transfers=1024 core=2 unit=l3lu
[lx_neighbor_pcfg_dsc2] emit recv core=2 src=1 dst=2 bytes=128 run=8 group=1 phase=1 srcStride=128 dstStride=128
[lx_neighbor_pcfg_dsc2] emit recv core=2 src=1 dst=2 bytes=128 run=8 group=1 phase=1 srcStride=128 dstStride=128
[lx_neighbor_pcfg_dsc2] emit recv core=2 src=1 dst=2 bytes=128 run=8 group=1 phase=1 srcStride=128 dstStride=128
[lx_neighbor_pcfg_dsc2] emit recv core=2 src=1 dst=2 bytes=128 run=8 group=1 phase=1 srcStride=128 dstStride=128
[lx_neighbor_pcfg_dsc2] emit recv core=2 src=1 dst=2 bytes=128 run=8 group=1 phase=1 srcStride=128 dstStride=128
[lx_neighbor_pcfg_dsc2] emit recv core=2 src=1 dst=2 bytes=128 run=8 group=1 phase=1 srcStride=128 dstStride=128
[lx_neighbor_pcfg_dsc2] emit recv core=2 src=1 dst=2 bytes=128 run=8 group=1 phase=1 srcStride=128 dstStride=128
[lx_neighbor_pcfg_dsc2] emit recv core=2 src=1 dst=2 bytes=128 run=8 group=1 phase=1 srcStride=128 dstStride=128
[lx_neighbor_pcfg_dsc2] emit recv core=2 src=1 dst=2 bytes=128 run=8 group=2 phase=1 srcStride=128 dstStride=128
[lx_neighbor_pcfg_dsc2] emit recv core=2 src=1 dst=2 bytes=128 run=8 group=2 phase=1 srcStride=128 dstStride=128
[lx_neighbor_pcfg_dsc2] emit recv core=2 src=1 dst=2 bytes=128 run=8 group=2 phase=1 srcStride=128 dstStride=128
[lx_neighbor_pcfg_dsc2] emit recv core=2 src=1 dst=2 bytes=128 run=8 group=2 phase=1 srcStride=128 dstStride=128
[lx_neighbor_pcfg_dsc2] emit recv core=2 src=1 dst=2 bytes=128 run=8 group=2 phase=1 srcStride=128 dstStride=128
[lx_neighbor_pcfg_dsc2] emit recv core=2 src=1 dst=2 bytes=128 run=8 group=2 phase=1 srcStride=128 dstStride=128
[lx_neighbor_pcfg_dsc2] emit recv core=2 src=1 dst=2 bytes=128 run=8 group=2 phase=1 srcStride=128 dstStride=128
[lx_neighbor_pcfg_dsc2] emit recv core=2 src=1 dst=2 bytes=128 run=8 group=2 phase=1 srcStride=128 dstStride=128
[lx_neighbor_pcfg_dsc2] emit recv core=2 src=1 dst=2 bytes=128 run=8 group=3 phase=1 srcStride=128 dstStride=128
[lx_neighbor_pcfg_dsc2] emit recv core=2 src=1 dst=2 bytes=128 run=8 group=3 phase=1 srcStride=128 dstStride=128
[lx_neighbor_pcfg_dsc2] emit recv core=2 src=1 dst=2 bytes=128 run=8 group=3 phase=1 srcStride=128 dstStride=128
[lx_neighbor_pcfg_dsc2] emit recv core=2 src=1 dst=2 bytes=128 run=8 group=3 phase=1 srcStride=128 dstStride=128
[lx_neighbor_pcfg_dsc2] emit recv core=2 src=1 dst=2 bytes=128 run=8 group=3 phase=1 srcStride=128 dstStride=128
[lx_neighbor_pcfg_dsc2] emit recv core=2 src=1 dst=2 bytes=128 run=8 group=3 phase=1 srcStride=128 dstStride=128
[lx_neighbor_pcfg_dsc2] emit recv core=2 src=1 dst=2 bytes=128 run=8 group=3 phase=1 srcStride=128 dstStride=128
[lx_neighbor_pcfg_dsc2] emit recv core=2 src=1 dst=2 bytes=128 run=8 group=3 phase=1 srcStride=128 dstStride=128
[lx_neighbor_pcfg_dsc2] emit recv core=2 src=1 dst=2 bytes=128 run=8 group=4 phase=1 srcStride=128 dstStride=128
[lx_neighbor_pcfg_dsc2] emit recv core=2 src=1 dst=2 bytes=128 run=8 group=4 phase=1 srcStride=128 dstStride=128
[lx_neighbor_pcfg_dsc2] emit recv core=2 src=1 dst=2 bytes=128 run=8 group=4 phase=1 srcStride=128 dstStride=128
[lx_neighbor_pcfg_dsc2] emit recv core=2 src=1 dst=2 bytes=128 run=8 group=4 phase=1 srcStride=128 dstStride=128
[lx_neighbor_pcfg_dsc2] emit recv core=2 src=1 dst=2 bytes=128 run=8 group=4 phase=1 srcStride=128 dstStride=128
[lx_neighbor_pcfg_dsc2] emit recv core=2 src=1 dst=2 bytes=128 run=8 group=4 phase=1 srcStride=128 dstStride=128
[lx_neighbor_pcfg_dsc2] emit recv core=2 src=1 dst=2 bytes=128 run=8 group=4 phase=1 srcStride=128 dstStride=128
[lx_neighbor_pcfg_dsc2] emit recv core=2 src=1 dst=2 bytes=128 run=8 group=4 phase=1 srcStride=128 dstStride=128
[lx_neighbor_pcfg_dsc2] node=transfer_lds1_src:no_component_dst:lx_lx_local transfers=1024 core=2 unit=l3su
[lx_neighbor_pcfg_dsc2] emit send core=2 src=2 dst=3 bytes=128 run=8 group=1 phase=1 srcStride=128 dstStride=128
[lx_neighbor_pcfg_dsc2] emit send core=2 src=2 dst=3 bytes=128 run=8 group=1 phase=1 srcStride=128 dstStride=128
[lx_neighbor_pcfg_dsc2] emit send core=2 src=2 dst=3 bytes=128 run=8 group=1 phase=1 srcStride=128 dstStride=128
[lx_neighbor_pcfg_dsc2] emit send core=2 src=2 dst=3 bytes=128 run=8 group=1 phase=1 srcStride=128 dstStride=128
[lx_neighbor_pcfg_dsc2] emit send core=2 src=2 dst=3 bytes=128 run=8 group=1 phase=1 srcStride=128 dstStride=128
[lx_neighbor_pcfg_dsc2] emit send core=2 src=2 dst=3 bytes=128 run=8 group=1 phase=1 srcStride=128 dstStride=128
[lx_neighbor_pcfg_dsc2] emit send core=2 src=2 dst=3 bytes=128 run=8 group=1 phase=1 srcStride=128 dstStride=128
[lx_neighbor_pcfg_dsc2] emit send core=2 src=2 dst=3 bytes=128 run=8 group=1 phase=1 srcStride=128 dstStride=128
[lx_neighbor_pcfg_dsc2] emit send core=2 src=2 dst=3 bytes=128 run=8 group=2 phase=1 srcStride=128 dstStride=128
[lx_neighbor_pcfg_dsc2] emit send core=2 src=2 dst=3 bytes=128 run=8 group=2 phase=1 srcStride=128 dstStride=128
[lx_neighbor_pcfg_dsc2] emit send core=2 src=2 dst=3 bytes=128 run=8 group=2 phase=1 srcStride=128 dstStride=128
[lx_neighbor_pcfg_dsc2] emit send core=2 src=2 dst=3 bytes=128 run=8 group=2 phase=1 srcStride=128 dstStride=128
[lx_neighbor_pcfg_dsc2] emit send core=2 src=2 dst=3 bytes=128 run=8 group=2 phase=1 srcStride=128 dstStride=128
[lx_neighbor_pcfg_dsc2] emit send core=2 src=2 dst=3 bytes=128 run=8 group=2 phase=1 srcStride=128 dstStride=128
[lx_neighbor_pcfg_dsc2] emit send core=2 src=2 dst=3 bytes=128 run=8 group=2 phase=1 srcStride=128 dstStride=128
[lx_neighbor_pcfg_dsc2] emit send core=2 src=2 dst=3 bytes=128 run=8 group=2 phase=1 srcStride=128 dstStride=128
[lx_neighbor_pcfg_dsc2] emit send core=2 src=2 dst=3 bytes=128 run=8 group=3 phase=1 srcStride=128 dstStride=128
[lx_neighbor_pcfg_dsc2] emit send core=2 src=2 dst=3 bytes=128 run=8 group=3 phase=1 srcStride=128 dstStride=128
[lx_neighbor_pcfg_dsc2] emit send core=2 src=2 dst=3 bytes=128 run=8 group=3 phase=1 srcStride=128 dstStride=128
[lx_neighbor_pcfg_dsc2] emit send core=2 src=2 dst=3 bytes=128 run=8 group=3 phase=1 srcStride=128 dstStride=128
[lx_neighbor_pcfg_dsc2] emit send core=2 src=2 dst=3 bytes=128 run=8 group=3 phase=1 srcStride=128 dstStride=128
[lx_neighbor_pcfg_dsc2] emit send core=2 src=2 dst=3 bytes=128 run=8 group=3 phase=1 srcStride=128 dstStride=128
[lx_neighbor_pcfg_dsc2] emit send core=2 src=2 dst=3 bytes=128 run=8 group=3 phase=1 srcStride=128 dstStride=128
[lx_neighbor_pcfg_dsc2] emit send core=2 src=2 dst=3 bytes=128 run=8 group=3 phase=1 srcStride=128 dstStride=128
[lx_neighbor_pcfg_dsc2] emit send core=2 src=2 dst=3 bytes=128 run=8 group=4 phase=1 srcStride=128 dstStride=128
[lx_neighbor_pcfg_dsc2] emit send core=2 src=2 dst=3 bytes=128 run=8 group=4 phase=1 srcStride=128 dstStride=128
[lx_neighbor_pcfg_dsc2] emit send core=2 src=2 dst=3 bytes=128 run=8 group=4 phase=1 srcStride=128 dstStride=128
[lx_neighbor_pcfg_dsc2] emit send core=2 src=2 dst=3 bytes=128 run=8 group=4 phase=1 srcStride=128 dstStride=128
[lx_neighbor_pcfg_dsc2] emit send core=2 src=2 dst=3 bytes=128 run=8 group=4 phase=1 srcStride=128 dstStride=128
[lx_neighbor_pcfg_dsc2] emit send core=2 src=2 dst=3 bytes=128 run=8 group=4 phase=1 srcStride=128 dstStride=128
[lx_neighbor_pcfg_dsc2] emit send core=2 src=2 dst=3 bytes=128 run=8 group=4 phase=1 srcStride=128 dstStride=128
[lx_neighbor_pcfg_dsc2] emit send core=2 src=2 dst=3 bytes=128 run=8 group=4 phase=1 srcStride=128 dstStride=128
[lx_neighbor_pcfg_dsc2] node=transfer_lds1_src:no_component_dst:lx_lx_local transfers=1024 core=3 unit=l3lu
[lx_neighbor_pcfg_dsc2] emit recv core=3 src=2 dst=3 bytes=128 run=8 group=1 phase=1 srcStride=128 dstStride=128
[lx_neighbor_pcfg_dsc2] emit recv core=3 src=2 dst=3 bytes=128 run=8 group=1 phase=1 srcStride=128 dstStride=128
[lx_neighbor_pcfg_dsc2] emit recv core=3 src=2 dst=3 bytes=128 run=8 group=1 phase=1 srcStride=128 dstStride=128
[lx_neighbor_pcfg_dsc2] emit recv core=3 src=2 dst=3 bytes=128 run=8 group=1 phase=1 srcStride=128 dstStride=128
[lx_neighbor_pcfg_dsc2] emit recv core=3 src=2 dst=3 bytes=128 run=8 group=1 phase=1 srcStride=128 dstStride=128
[lx_neighbor_pcfg_dsc2] emit recv core=3 src=2 dst=3 bytes=128 run=8 group=1 phase=1 srcStride=128 dstStride=128
[lx_neighbor_pcfg_dsc2] emit recv core=3 src=2 dst=3 bytes=128 run=8 group=1 phase=1 srcStride=128 dstStride=128
[lx_neighbor_pcfg_dsc2] emit recv core=3 src=2 dst=3 bytes=128 run=8 group=1 phase=1 srcStride=128 dstStride=128
[lx_neighbor_pcfg_dsc2] emit recv core=3 src=2 dst=3 bytes=128 run=8 group=2 phase=1 srcStride=128 dstStride=128
[lx_neighbor_pcfg_dsc2] emit recv core=3 src=2 dst=3 bytes=128 run=8 group=2 phase=1 srcStride=128 dstStride=128
[lx_neighbor_pcfg_dsc2] emit recv core=3 src=2 dst=3 bytes=128 run=8 group=2 phase=1 srcStride=128 dstStride=128
[lx_neighbor_pcfg_dsc2] emit recv core=3 src=2 dst=3 bytes=128 run=8 group=2 phase=1 srcStride=128 dstStride=128
[lx_neighbor_pcfg_dsc2] emit recv core=3 src=2 dst=3 bytes=128 run=8 group=2 phase=1 srcStride=128 dstStride=128
[lx_neighbor_pcfg_dsc2] emit recv core=3 src=2 dst=3 bytes=128 run=8 group=2 phase=1 srcStride=128 dstStride=128
[lx_neighbor_pcfg_dsc2] emit recv core=3 src=2 dst=3 bytes=128 run=8 group=2 phase=1 srcStride=128 dstStride=128
[lx_neighbor_pcfg_dsc2] emit recv core=3 src=2 dst=3 bytes=128 run=8 group=2 phase=1 srcStride=128 dstStride=128
[lx_neighbor_pcfg_dsc2] emit recv core=3 src=2 dst=3 bytes=128 run=8 group=3 phase=1 srcStride=128 dstStride=128
[lx_neighbor_pcfg_dsc2] emit recv core=3 src=2 dst=3 bytes=128 run=8 group=3 phase=1 srcStride=128 dstStride=128
[lx_neighbor_pcfg_dsc2] emit recv core=3 src=2 dst=3 bytes=128 run=8 group=3 phase=1 srcStride=128 dstStride=128
[lx_neighbor_pcfg_dsc2] emit recv core=3 src=2 dst=3 bytes=128 run=8 group=3 phase=1 srcStride=128 dstStride=128
[lx_neighbor_pcfg_dsc2] emit recv core=3 src=2 dst=3 bytes=128 run=8 group=3 phase=1 srcStride=128 dstStride=128
[lx_neighbor_pcfg_dsc2] emit recv core=3 src=2 dst=3 bytes=128 run=8 group=3 phase=1 srcStride=128 dstStride=128
[lx_neighbor_pcfg_dsc2] emit recv core=3 src=2 dst=3 bytes=128 run=8 group=3 phase=1 srcStride=128 dstStride=128
[lx_neighbor_pcfg_dsc2] emit recv core=3 src=2 dst=3 bytes=128 run=8 group=3 phase=1 srcStride=128 dstStride=128
[lx_neighbor_pcfg_dsc2] emit recv core=3 src=2 dst=3 bytes=128 run=8 group=4 phase=1 srcStride=128 dstStride=128
[lx_neighbor_pcfg_dsc2] emit recv core=3 src=2 dst=3 bytes=128 run=8 group=4 phase=1 srcStride=128 dstStride=128
[lx_neighbor_pcfg_dsc2] emit recv core=3 src=2 dst=3 bytes=128 run=8 group=4 phase=1 srcStride=128 dstStride=128
[lx_neighbor_pcfg_dsc2] emit recv core=3 src=2 dst=3 bytes=128 run=8 group=4 phase=1 srcStride=128 dstStride=128
[lx_neighbor_pcfg_dsc2] emit recv core=3 src=2 dst=3 bytes=128 run=8 group=4 phase=1 srcStride=128 dstStride=128
[lx_neighbor_pcfg_dsc2] emit recv core=3 src=2 dst=3 bytes=128 run=8 group=4 phase=1 srcStride=128 dstStride=128
[lx_neighbor_pcfg_dsc2] emit recv core=3 src=2 dst=3 bytes=128 run=8 group=4 phase=1 srcStride=128 dstStride=128
[lx_neighbor_pcfg_dsc2] emit recv core=3 src=2 dst=3 bytes=128 run=8 group=4 phase=1 srcStride=128 dstStride=128
[lx_neighbor_pcfg_dsc2] node=transfer_lds1_src:no_component_dst:lx_lx_local transfers=1024 core=3 unit=l3su
[lx_neighbor_pcfg_dsc2] emit send core=3 src=3 dst=0 bytes=128 run=8 group=1 phase=1 srcStride=128 dstStride=128
[lx_neighbor_pcfg_dsc2] emit send core=3 src=3 dst=0 bytes=128 run=8 group=1 phase=1 srcStride=128 dstStride=128
[lx_neighbor_pcfg_dsc2] emit send core=3 src=3 dst=0 bytes=128 run=8 group=1 phase=1 srcStride=128 dstStride=128
[lx_neighbor_pcfg_dsc2] emit send core=3 src=3 dst=0 bytes=128 run=8 group=1 phase=1 srcStride=128 dstStride=128
[lx_neighbor_pcfg_dsc2] emit send core=3 src=3 dst=0 bytes=128 run=8 group=1 phase=1 srcStride=128 dstStride=128
[lx_neighbor_pcfg_dsc2] emit send core=3 src=3 dst=0 bytes=128 run=8 group=1 phase=1 srcStride=128 dstStride=128
[lx_neighbor_pcfg_dsc2] emit send core=3 src=3 dst=0 bytes=128 run=8 group=1 phase=1 srcStride=128 dstStride=128
[lx_neighbor_pcfg_dsc2] emit send core=3 src=3 dst=0 bytes=128 run=8 group=1 phase=1 srcStride=128 dstStride=128
[lx_neighbor_pcfg_dsc2] emit send core=3 src=3 dst=0 bytes=128 run=8 group=2 phase=1 srcStride=128 dstStride=128
[lx_neighbor_pcfg_dsc2] emit send core=3 src=3 dst=0 bytes=128 run=8 group=2 phase=1 srcStride=128 dstStride=128
[lx_neighbor_pcfg_dsc2] emit send core=3 src=3 dst=0 bytes=128 run=8 group=2 phase=1 srcStride=128 dstStride=128
[lx_neighbor_pcfg_dsc2] emit send core=3 src=3 dst=0 bytes=128 run=8 group=2 phase=1 srcStride=128 dstStride=128
[lx_neighbor_pcfg_dsc2] emit send core=3 src=3 dst=0 bytes=128 run=8 group=2 phase=1 srcStride=128 dstStride=128
[lx_neighbor_pcfg_dsc2] emit send core=3 src=3 dst=0 bytes=128 run=8 group=2 phase=1 srcStride=128 dstStride=128
[lx_neighbor_pcfg_dsc2] emit send core=3 src=3 dst=0 bytes=128 run=8 group=2 phase=1 srcStride=128 dstStride=128
[lx_neighbor_pcfg_dsc2] emit send core=3 src=3 dst=0 bytes=128 run=8 group=2 phase=1 srcStride=128 dstStride=128
[lx_neighbor_pcfg_dsc2] emit send core=3 src=3 dst=0 bytes=128 run=8 group=3 phase=1 srcStride=128 dstStride=128
[lx_neighbor_pcfg_dsc2] emit send core=3 src=3 dst=0 bytes=128 run=8 group=3 phase=1 srcStride=128 dstStride=128
[lx_neighbor_pcfg_dsc2] emit send core=3 src=3 dst=0 bytes=128 run=8 group=3 phase=1 srcStride=128 dstStride=128
[lx_neighbor_pcfg_dsc2] emit send core=3 src=3 dst=0 bytes=128 run=8 group=3 phase=1 srcStride=128 dstStride=128
[lx_neighbor_pcfg_dsc2] emit send core=3 src=3 dst=0 bytes=128 run=8 group=3 phase=1 srcStride=128 dstStride=128
[lx_neighbor_pcfg_dsc2] emit send core=3 src=3 dst=0 bytes=128 run=8 group=3 phase=1 srcStride=128 dstStride=128
[lx_neighbor_pcfg_dsc2] emit send core=3 src=3 dst=0 bytes=128 run=8 group=3 phase=1 srcStride=128 dstStride=128
[lx_neighbor_pcfg_dsc2] emit send core=3 src=3 dst=0 bytes=128 run=8 group=3 phase=1 srcStride=128 dstStride=128
[lx_neighbor_pcfg_dsc2] emit send core=3 src=3 dst=0 bytes=128 run=8 group=4 phase=1 srcStride=128 dstStride=128
[lx_neighbor_pcfg_dsc2] emit send core=3 src=3 dst=0 bytes=128 run=8 group=4 phase=1 srcStride=128 dstStride=128
[lx_neighbor_pcfg_dsc2] emit send core=3 src=3 dst=0 bytes=128 run=8 group=4 phase=1 srcStride=128 dstStride=128
[lx_neighbor_pcfg_dsc2] emit send core=3 src=3 dst=0 bytes=128 run=8 group=4 phase=1 srcStride=128 dstStride=128
[lx_neighbor_pcfg_dsc2] emit send core=3 src=3 dst=0 bytes=128 run=8 group=4 phase=1 srcStride=128 dstStride=128
[lx_neighbor_pcfg_dsc2] emit send core=3 src=3 dst=0 bytes=128 run=8 group=4 phase=1 srcStride=128 dstStride=128
[lx_neighbor_pcfg_dsc2] emit send core=3 src=3 dst=0 bytes=128 run=8 group=4 phase=1 srcStride=128 dstStride=128
[lx_neighbor_pcfg_dsc2] emit send core=3 src=3 dst=0 bytes=128 run=8 group=4 phase=1 srcStride=128 dstStride=128
CASE mul_one M 16 K 64 N 256
ALLCLOSE False
MAX_DIFF 1.5009765625
MISMATCH 2048 / 4096
TOP_DIFF 0 ROW 8 COL 19 OUT 0.5185546875 REF 2.01953125 DIFF 1.5009765625
TOP_DIFF 1 ROW 8 COL 3 OUT 0.5029296875 REF 2.00390625 DIFF 1.5009765625
TOP_DIFF 2 ROW 8 COL 27 OUT 0.5263671875 REF 2.02734375 DIFF 1.5009765625
TOP_DIFF 3 ROW 8 COL 23 OUT 0.5224609375 REF 2.0234375 DIFF 1.5009765625
TOP_DIFF 4 ROW 8 COL 11 OUT 0.5107421875 REF 2.01171875 DIFF 1.5009765625
TOP_DIFF 5 ROW 8 COL 31 OUT 0.5302734375 REF 2.03125 DIFF 1.5009765625
TOP_DIFF 6 ROW 8 COL 15 OUT 0.5146484375 REF 2.015625 DIFF 1.5009765625
TOP_DIFF 7 ROW 8 COL 7 OUT 0.5068359375 REF 2.0078125 DIFF 1.5009765625
ROWMAP_OUT0 [0.0, 0.25, 0.5, 0.75, 1.0, 1.25, 1.5, 1.75, 0.5, 0.75, 1.0, 1.25, 1.5, 1.75, 2.0, 2.25]
ROWMAP_REF0 [0.0, 0.25, 0.5, 0.75, 1.0, 1.25, 1.5, 1.75, 2.0, 2.25, 2.5, 2.75, 3.0, 3.25, 3.5, 3.75]
ROW 0 OUT [0.0, 0.0009765625, 0.001953125, 0.0029296875, 0.00390625, 0.0048828125, 0.005859375, 0.0068359375, 0.0078125, 0.0087890625, 0.009765625, 0.0107421875, 0.01171875, 0.0126953125, 0.013671875, 0.0146484375]
ROW 0 REF [0.0, 0.0009765625, 0.001953125, 0.0029296875, 0.00390625, 0.0048828125, 0.005859375, 0.0068359375, 0.0078125, 0.0087890625, 0.009765625, 0.0107421875, 0.01171875, 0.0126953125, 0.013671875, 0.0146484375]
ROW 1 OUT [0.25, 0.2509765625, 0.251953125, 0.2529296875, 0.25390625, 0.2548828125, 0.255859375, 0.2568359375, 0.2578125, 0.2587890625, 0.259765625, 0.2607421875, 0.26171875, 0.2626953125, 0.263671875, 0.2646484375]
ROW 1 REF [0.25, 0.2509765625, 0.251953125, 0.2529296875, 0.25390625, 0.2548828125, 0.255859375, 0.2568359375, 0.2578125, 0.2587890625, 0.259765625, 0.2607421875, 0.26171875, 0.2626953125, 0.263671875, 0.2646484375]
ROW 15 OUT [2.25, 2.25, 2.25390625, 2.25390625, 2.25390625, 2.25390625, 2.2578125, 2.2578125, 2.2578125, 2.2578125, 2.26171875, 2.26171875, 2.26171875, 2.26171875, 2.265625, 2.265625]
ROW 15 REF [3.75, 3.75, 3.751953125, 3.75390625, 3.75390625, 3.75390625, 3.755859375, 3.7578125, 3.7578125, 3.7578125, 3.759765625, 3.76171875, 3.76171875, 3.76171875, 3.763671875, 3.765625]
ROW 15 OUT [2.25, 2.25, 2.25390625, 2.25390625, 2.25390625, 2.25390625, 2.2578125, 2.2578125, 2.2578125, 2.2578125, 2.26171875, 2.26171875, 2.26171875, 2.26171875, 2.265625, 2.265625]
ROW 15 REF [3.75, 3.75, 3.751953125, 3.75390625, 3.75390625, 3.75390625, 3.755859375, 3.7578125, 3.7578125, 3.7578125, 3.759765625, 3.76171875, 3.76171875, 3.76171875, 3.763671875, 3.765625]
ROW 15 OUT [2.25, 2.25, 2.25390625, 2.25390625, 2.25390625, 2.25390625, 2.2578125, 2.2578125, 2.2578125, 2.2578125, 2.26171875, 2.26171875, 2.26171875, 2.26171875, 2.265625, 2.265625]
ROW 15 REF [3.75, 3.75, 3.751953125, 3.75390625, 3.75390625, 3.75390625, 3.755859375, 3.7578125, 3.7578125, 3.7578125, 3.759765625, 3.76171875, 3.76171875, 3.76171875, 3.763671875, 3.765625]
CHUNK_ROW 0 COLS 0 8 OUT [0.0, 0.0009765625, 0.001953125, 0.0029296875, 0.00390625, 0.0048828125, 0.005859375, 0.0068359375]
CHUNK_ROW 0 COLS 0 8 REF [0.0, 0.0009765625, 0.001953125, 0.0029296875, 0.00390625, 0.0048828125, 0.005859375, 0.0068359375]
CHUNK_ROW 0 COLS 64 72 OUT [0.0625, 0.0634765625, 0.064453125, 0.0654296875, 0.06640625, 0.0673828125, 0.068359375, 0.0693359375]
CHUNK_ROW 0 COLS 64 72 REF [0.0625, 0.0634765625, 0.064453125, 0.0654296875, 0.06640625, 0.0673828125, 0.068359375, 0.0693359375]
CHUNK_ROW 0 COLS 128 136 OUT [0.125, 0.1259765625, 0.126953125, 0.1279296875, 0.12890625, 0.1298828125, 0.130859375, 0.1318359375]
CHUNK_ROW 0 COLS 128 136 REF [0.125, 0.1259765625, 0.126953125, 0.1279296875, 0.12890625, 0.1298828125, 0.130859375, 0.1318359375]
CHUNK_ROW 0 COLS 192 200 OUT [0.1875, 0.1884765625, 0.189453125, 0.1904296875, 0.19140625, 0.1923828125, 0.193359375, 0.1943359375]
CHUNK_ROW 0 COLS 192 200 REF [0.1875, 0.1884765625, 0.189453125, 0.1904296875, 0.19140625, 0.1923828125, 0.193359375, 0.1943359375]
CHUNK_ROW 1 COLS 0 8 OUT [0.25, 0.2509765625, 0.251953125, 0.2529296875, 0.25390625, 0.2548828125, 0.255859375, 0.2568359375]
CHUNK_ROW 1 COLS 0 8 REF [0.25, 0.2509765625, 0.251953125, 0.2529296875, 0.25390625, 0.2548828125, 0.255859375, 0.2568359375]
CHUNK_ROW 1 COLS 64 72 OUT [0.3125, 0.3134765625, 0.314453125, 0.3154296875, 0.31640625, 0.3173828125, 0.318359375, 0.3193359375]
CHUNK_ROW 1 COLS 64 72 REF [0.3125, 0.3134765625, 0.314453125, 0.3154296875, 0.31640625, 0.3173828125, 0.318359375, 0.3193359375]
CHUNK_ROW 1 COLS 128 136 OUT [0.375, 0.3759765625, 0.376953125, 0.3779296875, 0.37890625, 0.3798828125, 0.380859375, 0.3818359375]
CHUNK_ROW 1 COLS 128 136 REF [0.375, 0.3759765625, 0.376953125, 0.3779296875, 0.37890625, 0.3798828125, 0.380859375, 0.3818359375]
CHUNK_ROW 1 COLS 192 200 OUT [0.4375, 0.4384765625, 0.439453125, 0.4404296875, 0.44140625, 0.4423828125, 0.443359375, 0.4443359375]
CHUNK_ROW 1 COLS 192 200 REF [0.4375, 0.4384765625, 0.439453125, 0.4404296875, 0.44140625, 0.4423828125, 0.443359375, 0.4443359375]
CHUNK_ROW 15 COLS 0 8 OUT [2.25, 2.25, 2.25390625, 2.25390625, 2.25390625, 2.25390625, 2.2578125, 2.2578125]
CHUNK_ROW 15 COLS 0 8 REF [3.75, 3.75, 3.751953125, 3.75390625, 3.75390625, 3.75390625, 3.755859375, 3.7578125]
CHUNK_ROW 15 COLS 64 72 OUT [2.3125, 2.3125, 2.31640625, 2.31640625, 2.31640625, 2.31640625, 2.3203125, 2.3203125]
CHUNK_ROW 15 COLS 64 72 REF [3.8125, 3.8125, 3.814453125, 3.81640625, 3.81640625, 3.81640625, 3.818359375, 3.8203125]
CHUNK_ROW 15 COLS 128 136 OUT [2.375, 2.375, 2.37890625, 2.37890625, 2.37890625, 2.37890625, 2.3828125, 2.3828125]
CHUNK_ROW 15 COLS 128 136 REF [3.875, 3.875, 3.876953125, 3.87890625, 3.87890625, 3.87890625, 3.880859375, 3.8828125]
CHUNK_ROW 15 COLS 192 200 OUT [2.4375, 2.4375, 2.44140625, 2.44140625, 2.44140625, 2.44140625, 2.4453125, 2.4453125]
CHUNK_ROW 15 COLS 192 200 REF [3.9375, 3.9375, 3.939453125, 3.94140625, 3.94140625, 3.94140625, 3.943359375, 3.9453125]
