[WARNING] [spyre.inductor.propagate_named_dims] buf1: loop var d0 has no named dim mapping -- using _untracked_4
[WARNING] [spyre.inductor.propagate_named_dims] buf1: loop var d1 has no named dim mapping -- using _untracked_4096
[WARNING] [spyre.inductor.propagate_named_dims] buf1: loop var d2 has no named dim mapping -- using _untracked_128
[WARNING] [spyre.inductor.propagate_named_dims] buf3: loop var d0 has no named dim mapping -- using _untracked_4
[WARNING] [spyre.inductor.propagate_named_dims] buf3: loop var d1 has no named dim mapping -- using _untracked_4096
[WARNING] [spyre.inductor.propagate_named_dims] buf3: loop var d2 has no named dim mapping -- using _untracked_64
[WARNING] [spyre.inductor.propagate_named_dims] _consume_names: no prefix of ['B', 'H', 'Lq', 'Lk'] multiplies to 4096
[WARNING] [spyre.inductor.propagate_named_dims] buf19: loop var d0 has no named dim mapping -- using _untracked_4
[WARNING] [spyre.inductor.propagate_named_dims] buf19: loop var d1 has no named dim mapping -- using _untracked_4096
[WARNING] [spyre.inductor.propagate_named_dims] buf19: loop var d2 has no named dim mapping -- using _untracked_64
[WARNING] [spyre.inductor.work_division] work_division_hint: buf7 skipping named dim(s) ['Lk'] (split=8) because cores would be 256, exceeding SENCORES=32
[WARNING] [spyre.inductor.work_division] work_division_hint: buf8 skipping named dim(s) ['Lk'] (split=8) because cores would be 256, exceeding SENCORES=32
[WARNING] [spyre.inductor.work_division] work_division_hint: buf9 skipping named dim(s) ['Lk'] (split=8) because cores would be 256, exceeding SENCORES=32
[WARNING] [spyre.inductor.work_division] work_division_hint: buf14 skipping named dim(s) ['Lk'] (split=8) because cores would be 256, exceeding SENCORES=32
[WARNING] [spyre.inductor.work_division] work_division_hint: buf15 skipping named dim(s) ['Lk'] (split=8) because cores would be 256, exceeding SENCORES=32
[WARNING] [spyre.inductor.work_division] work_division_hint: buf16 skipping named dim(s) ['Lk'] (split=8) because cores would be 256, exceeding SENCORES=32
[WARNING] [spyre.inductor.work_division] work_division_hint: buf22 skipping named dim(s) ['Lk'] (split=8) because cores would be 256, exceeding SENCORES=32
[WARN] dxp_standalone --bundle option is deprecated (always on)
[WARN] dxp_standalone --bundle option is deprecated (always on)
[WARN] dxp_standalone --bundle option is deprecated (always on)
SUCCESS
